Archive member included to satisfy reference by file (symbol)

C:/nxp/MCUXpressoIDE_25.6.136/ide/plugins/com.nxp.mcuxpresso.tools.win32_25.6.0.202501151204/tools/bin/../lib/gcc/arm-none-eabi/14.2.1/../../../../arm-none-eabi/lib/thumb/v7e-m+fp/hard\libcr_nohost_nf.a(_cr__main.o)
                              ./startup/startup_lpc54606.o (__main)
C:/nxp/MCUXpressoIDE_25.6.136/ide/plugins/com.nxp.mcuxpresso.tools.win32_25.6.0.202501151204/tools/bin/../lib/gcc/arm-none-eabi/14.2.1/../../../../arm-none-eabi/lib/thumb/v7e-m+fp/hard\libcr_c.a(memcpy.o)
                              ./utilities/str/fsl_str.o (memcpy)
C:/nxp/MCUXpressoIDE_25.6.136/ide/plugins/com.nxp.mcuxpresso.tools.win32_25.6.0.202501151204/tools/bin/../lib/gcc/arm-none-eabi/14.2.1/../../../../arm-none-eabi/lib/thumb/v7e-m+fp/hard\libcr_c.a(memset.o)
                              ./utilities/debug_console/fsl_debug_console.o (memset)
C:/nxp/MCUXpressoIDE_25.6.136/ide/plugins/com.nxp.mcuxpresso.tools.win32_25.6.0.202501151204/tools/bin/../lib/gcc/arm-none-eabi/14.2.1/../../../../arm-none-eabi/lib/thumb/v7e-m+fp/hard\libcr_c.a(alloc.o)
                              ./drivers/fsl_common.o (malloc)
C:/nxp/MCUXpressoIDE_25.6.136/ide/plugins/com.nxp.mcuxpresso.tools.win32_25.6.0.202501151204/tools/bin/../lib/gcc/arm-none-eabi/14.2.1/../../../../arm-none-eabi/lib/thumb/v7e-m+fp/hard\libcr_c.a(errno.o)
                              ./utilities/str/fsl_str.o (errno)
C:/nxp/MCUXpressoIDE_25.6.136/ide/plugins/com.nxp.mcuxpresso.tools.win32_25.6.0.202501151204/tools/bin/../lib/gcc/arm-none-eabi/14.2.1/../../../../arm-none-eabi/lib/thumb/v7e-m+fp/hard\libcr_c.a(initio.o)
                              C:/nxp/MCUXpressoIDE_25.6.136/ide/plugins/com.nxp.mcuxpresso.tools.win32_25.6.0.202501151204/tools/bin/../lib/gcc/arm-none-eabi/14.2.1/../../../../arm-none-eabi/lib/thumb/v7e-m+fp/hard\libcr_nohost_nf.a(_cr__main.o) (_initio)
C:/nxp/MCUXpressoIDE_25.6.136/ide/plugins/com.nxp.mcuxpresso.tools.win32_25.6.0.202501151204/tools/bin/../lib/gcc/arm-none-eabi/14.2.1/../../../../arm-none-eabi/lib/thumb/v7e-m+fp/hard\libcr_c.a(scanf.o)
                              ./utilities/str/fsl_str.o (strtoul)
C:/nxp/MCUXpressoIDE_25.6.136/ide/plugins/com.nxp.mcuxpresso.tools.win32_25.6.0.202501151204/tools/bin/../lib/gcc/arm-none-eabi/14.2.1/../../../../arm-none-eabi/lib/thumb/v7e-m+fp/hard\libcr_c.a(setvbuf.o)
                              C:/nxp/MCUXpressoIDE_25.6.136/ide/plugins/com.nxp.mcuxpresso.tools.win32_25.6.0.202501151204/tools/bin/../lib/gcc/arm-none-eabi/14.2.1/../../../../arm-none-eabi/lib/thumb/v7e-m+fp/hard\libcr_c.a(initio.o) (setvbuf)
C:/nxp/MCUXpressoIDE_25.6.136/ide/plugins/com.nxp.mcuxpresso.tools.win32_25.6.0.202501151204/tools/bin/../lib/gcc/arm-none-eabi/14.2.1/../../../../arm-none-eabi/lib/thumb/v7e-m+fp/hard\libcr_c.a(strlen.o)
                              ./utilities/str/fsl_str.o (strlen)
C:/nxp/MCUXpressoIDE_25.6.136/ide/plugins/com.nxp.mcuxpresso.tools.win32_25.6.0.202501151204/tools/bin/../lib/gcc/arm-none-eabi/14.2.1/../../../../arm-none-eabi/lib/thumb/v7e-m+fp/hard\libcr_c.a(ungetc.o)
                              C:/nxp/MCUXpressoIDE_25.6.136/ide/plugins/com.nxp.mcuxpresso.tools.win32_25.6.0.202501151204/tools/bin/../lib/gcc/arm-none-eabi/14.2.1/../../../../arm-none-eabi/lib/thumb/v7e-m+fp/hard\libcr_c.a(scanf.o) (ungetc)
C:/nxp/MCUXpressoIDE_25.6.136/ide/plugins/com.nxp.mcuxpresso.tools.win32_25.6.0.202501151204/tools/bin/../lib/gcc/arm-none-eabi/14.2.1/../../../../arm-none-eabi/lib/thumb/v7e-m+fp/hard\libcr_c.a(__fillbuf.o)
                              C:/nxp/MCUXpressoIDE_25.6.136/ide/plugins/com.nxp.mcuxpresso.tools.win32_25.6.0.202501151204/tools/bin/../lib/gcc/arm-none-eabi/14.2.1/../../../../arm-none-eabi/lib/thumb/v7e-m+fp/hard\libcr_c.a(scanf.o) (__filbuf)
C:/nxp/MCUXpressoIDE_25.6.136/ide/plugins/com.nxp.mcuxpresso.tools.win32_25.6.0.202501151204/tools/bin/../lib/gcc/arm-none-eabi/14.2.1/../../../../arm-none-eabi/lib/thumb/v7e-m+fp/hard\libcr_c.a(__init_alloc.o)
                              C:/nxp/MCUXpressoIDE_25.6.136/ide/plugins/com.nxp.mcuxpresso.tools.win32_25.6.0.202501151204/tools/bin/../lib/gcc/arm-none-eabi/14.2.1/../../../../arm-none-eabi/lib/thumb/v7e-m+fp/hard\libcr_c.a(alloc.o) (__heaps)
C:/nxp/MCUXpressoIDE_25.6.136/ide/plugins/com.nxp.mcuxpresso.tools.win32_25.6.0.202501151204/tools/bin/../lib/gcc/arm-none-eabi/14.2.1/../../../../arm-none-eabi/lib/thumb/v7e-m+fp/hard\libcr_c.a(_cr_sbrk.o)
                              C:/nxp/MCUXpressoIDE_25.6.136/ide/plugins/com.nxp.mcuxpresso.tools.win32_25.6.0.202501151204/tools/bin/../lib/gcc/arm-none-eabi/14.2.1/../../../../arm-none-eabi/lib/thumb/v7e-m+fp/hard\libcr_c.a(alloc.o) (_sbrk)
C:/nxp/MCUXpressoIDE_25.6.136/ide/plugins/com.nxp.mcuxpresso.tools.win32_25.6.0.202501151204/tools/bin/../lib/gcc/arm-none-eabi/14.2.1/../../../../arm-none-eabi/lib/thumb/v7e-m+fp/hard\libcr_c.a(_deferredlazyseek.o)
[...]
Memory Configuration

Name             Origin             Length             Attributes
PROGRAM_FLASH    0x00000000         0x00080000         xr
SRAM_UPPER       0x20000000         0x00028000         xrw
SRAMX            0x04000000         0x00008000         xrw
USB_RAM          0x40100000         0x00002000         xrw
*default*        0x00000000         0xffffffff

Linker script and memory map

LOAD ./utilities/str/fsl_str.o
LOAD ./utilities/debug_console/fsl_debug_console.o
LOAD ./utilities/fsl_assert.o
LOAD ./startup/startup_lpc54606.o
LOAD ./source/LPC54606_Project_2.o
LOAD ./source/semihost_hardfault.o
LOAD ./drivers/fsl_clock.o
LOAD ./drivers/fsl_common.o
LOAD ./drivers/fsl_common_arm.o
LOAD ./drivers/fsl_flexcomm.o
LOAD ./drivers/fsl_gpio.o
LOAD ./drivers/fsl_power.o
LOAD ./drivers/fsl_reset.o
LOAD ./drivers/fsl_usart.o
LOAD ./device/system_LPC54606.o
LOAD ./component/uart/fsl_adapter_usart.o
LOAD ./component/serial_manager/fsl_component_serial_manager.o
LOAD ./component/serial_manager/fsl_component_serial_port_uart.o
LOAD ./component/lists/fsl_component_generic_list.o
LOAD ./board/board.o
LOAD ./board/clock_config.o
LOAD ./board/peripherals.o
LOAD ./board/pin_mux.o
START GROUP
LOAD C:/nxp/MCUXpressoIDE_25.6.136/ide/plugins/com.nxp.mcuxpresso.tools.win32_25.6.0.202501151204/tools/bin/../lib/gcc/arm-none-eabi/14.2.1/../../../../arm-none-eabi/lib/thumb/v7e-m+fp/hard\libcr_nohost_nf.a
LOAD C:/nxp/MCUXpressoIDE_25.6.136/ide/plugins/com.nxp.mcuxpresso.tools.win32_25.6.0.202501151204/tools/bin/../lib/gcc/arm-none-eabi/14.2.1/../../../../arm-none-eabi/lib/thumb/v7e-m+fp/hard\libcr_c.a
LOAD C:/nxp/MCUXpressoIDE_25.6.136/ide/plugins/com.nxp.mcuxpresso.tools.win32_25.6.0.202501151204/tools/bin/../lib/gcc/arm-none-eabi/14.2.1/thumb/v7e-m+fp/hard\libcr_eabihelpers.a
LOAD C:/nxp/MCUXpressoIDE_25.6.136/ide/plugins/com.nxp.mcuxpresso.tools.win32_25.6.0.202501151204/tools/bin/../lib/gcc/arm-none-eabi/14.2.1/thumb/v7e-m+fp/hard\libgcc.a
END GROUP
                0x00000000                        __base_PROGRAM_FLASH = 0x0
                0x00000000                        __base_Flash = 0x0
                0x00080000                        __top_PROGRAM_FLASH = 0x80000
                0x00080000                        __top_Flash = 0x80000
                0x20000000                        __base_SRAM_UPPER = 0x20000000
                0x20000000                        __base_RAM = 0x20000000
                0x20028000                        __top_SRAM_UPPER = 0x20028000
                0x20028000                        __top_RAM = 0x20028000
                0x04000000                        __base_SRAMX = 0x4000000
                0x04000000                        __base_RAM2 = 0x4000000
                0x04008000                        __top_SRAMX = 0x4008000
                0x04008000                        __top_RAM2 = 0x4008000
                0x40100000                        __base_USB_RAM = 0x40100000
                0x40100000                        __base_RAM3 = 0x40100000
                0x40102000                        __top_USB_RAM = 0x40102000
                0x40102000                        __top_RAM3 = 0x40102000

.text           0x00000000     0x302c
 FILL mask 0xff
                0x00000000                        __vectors_start__ = ABSOLUTE (.)
 *(SORT_BY_ALIGNMENT(.isr_vector))
 .isr_vector    0x00000000      0x124 ./startup/startup_lpc54606.o
                0x00000000                g_pfnVectors
                0x00000000                __Vectors
                0x00000124                        . = ALIGN (0x4)
                0x00000124                        __section_table_start = .
                0x00000124                        __data_section_table = .
                0x00000124        0x4 LONG 0x302c LOADADDR (.data)
                0x00000128        0x4 LONG 0x20000000 ADDR (.data)
                0x0000012c        0x4 LONG 0x4 SIZEOF (.data)
                0x00000130        0x4 LONG 0x302c LOADADDR (.data_RAM2)
                0x00000134        0x4 LONG 0x4000000 ADDR (.data_RAM2)
                0x00000138        0x4 LONG 0x0 SIZEOF (.data_RAM2)
                0x0000013c        0x4 LONG 0x302c LOADADDR (.data_RAM3)
                0x00000140        0x4 LONG 0x40100000 ADDR (.data_RAM3)
                0x00000144        0x4 LONG 0x0 SIZEOF (.data_RAM3)
                0x00000148                        __data_section_table_end = .
                0x00000148                        __bss_section_table = .
                0x00000148        0x4 LONG 0x20000004 ADDR (.bss)
                0x0000014c        0x4 LONG 0x138 SIZEOF (.bss)
                0x00000150        0x4 LONG 0x4000000 ADDR (.bss_RAM2)
                0x00000154        0x4 LONG 0x0 SIZEOF (.bss_RAM2)
                0x00000158        0x4 LONG 0x40100000 ADDR (.bss_RAM3)
                0x0000015c        0x4 LONG 0x0 SIZEOF (.bss_RAM3)
                0x00000160                        __bss_section_table_end = .
                0x00000160                        __section_table_end = .
 *(SORT_BY_ALIGNMENT(.after_vectors*))
 .after_vectors.reset
                0x00000160       0x58 ./startup/startup_lpc54606.o
                0x00000160                ResetISR
 .after_vectors.init_data
                0x000001b8       0x1e ./startup/startup_lpc54606.o
                0x000001b8                data_init
 .after_vectors.init_bss
                0x000001d6       0x12 ./startup/startup_lpc54606.o
                0x000001d6                bss_init
 .after_vectors
                0x000001e8       0x14 ./startup/startup_lpc54606.o
                0x000001e8                NMI_Handler
                0x000001ec                MemManage_Handler
                0x000001ee                BusFault_Handler
                0x000001f0                UsageFault_Handler
                0x000001f2                SVC_Handler
                0x000001f4                DebugMon_Handler
                0x000001f6                PendSV_Handler
                0x000001f8                SysTick_Handler
                0x000001fa                PIN_INT3_DriverIRQHandler
                0x000001fa                PIN_INT2_DriverIRQHandler
                0x000001fa                ETHERNET_DriverIRQHandler
                0x000001fa                PIN_INT0_DriverIRQHandler
                0x000001fa                CTIMER2_DriverIRQHandler
                0x000001fa                SPIFI0_DriverIRQHandler
                0x000001fa                RIT_DriverIRQHandler
                0x000001fa                IntDefaultHandler
                0x000001fa                CAN0_IRQ0_DriverIRQHandler
                0x000001fa                MRT0_DriverIRQHandler
                0x000001fa                UTICK0_DriverIRQHandler
                0x000001fa                DMIC0_DriverIRQHandler
                0x000001fa                PIN_INT4_DriverIRQHandler
                0x000001fa                PIN_INT5_DriverIRQHandler
                0x000001fa                CAN1_IRQ0_DriverIRQHandler
                0x000001fa                Reserved47_DriverIRQHandler
                0x000001fa                ADC0_THCMP_DriverIRQHandler
                0x000001fa                CTIMER4_DriverIRQHandler
                0x000001fa                USB0_DriverIRQHandler
                0x000001fa                PIN_INT7_DriverIRQHandler
                0x000001fa                CAN0_IRQ1_DriverIRQHandler
                0x000001fa                USB0_NEEDCLK_DriverIRQHandler
                0x000001fa                ADC0_SEQB_DriverIRQHandler
                0x000001fa                CTIMER0_DriverIRQHandler
                0x000001fa                CTIMER1_DriverIRQHandler
                0x000001fa                PIN_INT6_DriverIRQHandler
                0x000001fa                ETHERNET_MACLP_DriverIRQHandler
                0x000001fa                PIN_INT1_DriverIRQHandler
                0x000001fa                CTIMER3_DriverIRQHandler
                0x000001fa                HWVAD0_DriverIRQHandler
                0x000001fa                RTC_DriverIRQHandler
                0x000001fa                LCD_DriverIRQHandler
                0x000001fa                EEPROM_DriverIRQHandler
                0x000001fa                DMA0_DriverIRQHandler
                0x000001fa                ETHERNET_PMT_DriverIRQHandler
                0x000001fa                USB1_DriverIRQHandler
                0x000001fa                CAN1_IRQ1_DriverIRQHandler
                0x000001fa                ADC0_SEQA_DriverIRQHandler
                0x000001fa                USB1_NEEDCLK_DriverIRQHandler
                0x000001fa                SMARTCARD0_DriverIRQHandler
                0x000001fa                SDIO_DriverIRQHandler
                0x000001fa                SHA_DriverIRQHandler
                0x000001fa                GINT0_DriverIRQHandler
                0x000001fa                SMARTCARD1_DriverIRQHandler
                0x000001fa                GINT1_DriverIRQHandler
                0x000001fa                Reserved46_DriverIRQHandler
                0x000001fa                WDT_BOD_DriverIRQHandler
                0x000001fa                SCT0_DriverIRQHandler
 *(SORT_BY_ALIGNMENT(.text*))
 .text.DbgConsole_SendDataReliable
                0x000001fc       0x54 ./utilities/debug_console/fsl_debug_console.o
                0x000001fc                DbgConsole_SendDataReliable
 .text.DbgConsole_Init
                0x00000250      0x138 ./utilities/debug_console/fsl_debug_console.o
                0x00000250                DbgConsole_Init
 .text.DbgConsole_Vprintf
                0x00000388       0x68 ./utilities/debug_console/fsl_debug_console.o
                0x00000388                DbgConsole_Vprintf
 .text.__assertion_failed
                0x000003f0       0x2c ./utilities/fsl_assert.o
                0x000003f0                __assertion_failed
 .text.main     0x0000041c       0x3c ./source/LPC54606_Project_2.o
                0x0000041c                main
 .text.CLOCK_AttachClk
                0x00000458       0x94 ./drivers/fsl_clock.o
                0x00000458                CLOCK_AttachClk
 .text.CLOCK_SetClkDiv
                0x000004ec       0x5c ./drivers/fsl_clock.o
                0x000004ec                CLOCK_SetClkDiv
 .text.CLOCK_GetFro12MFreq
                0x00000548       0x28 ./drivers/fsl_clock.o
                0x00000548                CLOCK_GetFro12MFreq
 .text.CLOCK_GetExtClkFreq
                0x00000570       0x14 ./drivers/fsl_clock.o
                0x00000570                CLOCK_GetExtClkFreq
 .text.CLOCK_GetWdtOscFreq
                0x00000584       0x68 ./drivers/fsl_clock.o
                0x00000584                CLOCK_GetWdtOscFreq
 .text.CLOCK_GetFroHfFreq
                0x000005ec       0x50 ./drivers/fsl_clock.o
                0x000005ec                CLOCK_GetFroHfFreq
 .text.CLOCK_GetPllOutFreq
                0x0000063c       0x18 ./drivers/fsl_clock.o
                0x0000063c                CLOCK_GetPllOutFreq
 .text.CLOCK_GetCoreSysClkFreq
                0x00000654       0x9c ./drivers/fsl_clock.o
                0x00000654                CLOCK_GetCoreSysClkFreq
 .text.CLOCK_GetFlexCommClkFreq
                0x000006f0       0x88 ./drivers/fsl_clock.o
                0x000006f0                CLOCK_GetFlexCommClkFreq
 .text.CLOCK_GetFRGInputClock
                0x00000778       0x60 ./drivers/fsl_clock.o
                0x00000778                CLOCK_GetFRGInputClock
 .text.CLOCK_SetFLASHAccessCyclesForFreq
                0x000007d8       0xb8 ./drivers/fsl_clock.o
                0x000007d8                CLOCK_SetFLASHAccessCyclesForFreq
 .text.CLOCK_EnableClock
                0x00000890       0x54 ./drivers/fsl_flexcomm.o
 .text.FLEXCOMM_GetInstance
                0x000008e4       0x4c ./drivers/fsl_flexcomm.o
                0x000008e4                FLEXCOMM_GetInstance
 .text.FLEXCOMM_Init
                0x00000930       0x50 ./drivers/fsl_flexcomm.o
                0x00000930                FLEXCOMM_Init
 .text.FLEXCOMM0_DriverIRQHandler
                0x00000980       0x60 ./drivers/fsl_flexcomm.o
                0x00000980                FLEXCOMM0_DriverIRQHandler
 .text.FLEXCOMM1_DriverIRQHandler
                0x000009e0       0x60 ./drivers/fsl_flexcomm.o
                0x000009e0                FLEXCOMM1_DriverIRQHandler
 .text.FLEXCOMM2_DriverIRQHandler
                0x00000a40       0x60 ./drivers/fsl_flexcomm.o
                0x00000a40                FLEXCOMM2_DriverIRQHandler
 .text.FLEXCOMM3_DriverIRQHandler
                0x00000aa0       0x60 ./drivers/fsl_flexcomm.o
                0x00000aa0                FLEXCOMM3_DriverIRQHandler
 .text.FLEXCOMM4_DriverIRQHandler
                0x00000b00       0x60 ./drivers/fsl_flexcomm.o
                0x00000b00                FLEXCOMM4_DriverIRQHandler
 .text.FLEXCOMM5_DriverIRQHandler
                0x00000b60       0x60 ./drivers/fsl_flexcomm.o
                0x00000b60                FLEXCOMM5_DriverIRQHandler
 .text.FLEXCOMM6_DriverIRQHandler
                0x00000bc0       0x60 ./drivers/fsl_flexcomm.o
                0x00000bc0                FLEXCOMM6_DriverIRQHandler
 .text.FLEXCOMM7_DriverIRQHandler
                0x00000c20       0x60 ./drivers/fsl_flexcomm.o
                0x00000c20                FLEXCOMM7_DriverIRQHandler
 .text.FLEXCOMM8_DriverIRQHandler
                0x00000c80       0x60 ./drivers/fsl_flexcomm.o
                0x00000c80                FLEXCOMM8_DriverIRQHandler
 .text.FLEXCOMM9_DriverIRQHandler
                0x00000ce0       0x60 ./drivers/fsl_flexcomm.o
                0x00000ce0                FLEXCOMM9_DriverIRQHandler
 .text.POWER_setVdLevel
                0x00000d40       0x28 ./drivers/fsl_power.o
                0x00000d40                POWER_setVdLevel
 .text.POWER_SetVoltageForFreq
                0x00000d68       0xbc ./drivers/fsl_power.o
                0x00000d68                POWER_SetVoltageForFreq
 .text.RESET_SetPeripheralReset
                0x00000e24       0x7c ./drivers/fsl_reset.o
                0x00000e24                RESET_SetPeripheralReset
 .text.RESET_ClearPeripheralReset
                0x00000ea0       0x80 ./drivers/fsl_reset.o
                0x00000ea0                RESET_ClearPeripheralReset
 .text.USART_Init
                0x00000f20      0x1cc ./drivers/fsl_usart.o
                0x00000f20                USART_Init
 .text.USART_GetDefaultConfig
                0x000010ec       0x80 ./drivers/fsl_usart.o
                0x000010ec                USART_GetDefaultConfig
 .text.USART_SetBaudRate
                0x0000116c      0x18c ./drivers/fsl_usart.o
                0x0000116c                USART_SetBaudRate
 .text.USART_WriteBlocking
                0x000012f8       0x8c ./drivers/fsl_usart.o
                0x000012f8                USART_WriteBlocking
 .text.SystemInit
                0x00001384       0x40 ./device/system_LPC54606.o
                0x00001384                SystemInit
 .text.HAL_UartInitCommon
                0x000013c4      0x110 ./component/uart/fsl_adapter_usart.o
 .text.HAL_UartSendBlocking
                0x000014d4       0x64 ./component/uart/fsl_adapter_usart.o
                0x000014d4                HAL_UartSendBlocking
 .text.BOARD_InitDebugConsole
                0x00001538       0x48 ./board/board.o
                0x00001538                BOARD_InitDebugConsole
 .text.BOARD_BootClockRUN
                0x00001580       0x44 ./board/clock_config.o
                0x00001580                BOARD_BootClockRUN
 .text._initio  0x000015c4       0x78 C:/nxp/MCUXpressoIDE_25.6.136/ide/plugins/com.nxp.mcuxpresso.tools.win32_25.6.0.202501151204/tools/bin/../lib/gcc/arm-none-eabi/14.2.1/../../../../arm-none-eabi/lib/thumb/v7e-m+fp/hard\libcr_c.a(initio.o)
                0x000015c4                _initio
 .text._Cwritebuf
                0x0000163c       0x70 C:/nxp/MCUXpressoIDE_25.6.136/ide/plugins/com.nxp.mcuxpresso.tools.win32_25.6.0.202501151204/tools/bin/../lib/gcc/arm-none-eabi/14.2.1/../../../../arm-none-eabi/lib/thumb/v7e-m+fp/hard\libcr_c.a(_writebuf.o)
                0x0000163c                _Cwritebuf
 .text.fflush   0x000016ac       0x3c C:/nxp/MCUXpressoIDE_25.6.136/ide/plugins/com.nxp.mcuxpresso.tools.win32_25.6.0.202501151204/tools/bin/../lib/gcc/arm-none-eabi/14.2.1/../../../../arm-none-eabi/lib/thumb/v7e-m+fp/hard\libcr_c.a(fflush.o)
                0x000016ac                fflush
 .text.fseek    0x000016e8       0xf8 C:/nxp/MCUXpressoIDE_25.6.136/ide/plugins/com.nxp.mcuxpresso.tools.win32_25.6.0.202501151204/tools/bin/../lib/gcc/arm-none-eabi/14.2.1/../../../../arm-none-eabi/lib/thumb/v7e-m+fp/hard\libcr_c.a(fseek.o)
                0x000016e8                fseek
 .text.ftell    0x000017e0       0x44 C:/nxp/MCUXpressoIDE_25.6.136/ide/plugins/com.nxp.mcuxpresso.tools.win32_25.6.0.202501151204/tools/bin/../lib/gcc/arm-none-eabi/14.2.1/../../../../arm-none-eabi/lib/thumb/v7e-m+fp/hard\libcr_c.a(ftell.o)
                0x000017e0                ftell
 .text.PrintGetWidth
                0x00001824       0x6a ./utilities/str/fsl_str.o
 .text.PrintGetPrecision
                0x0000188e       0x8c ./utilities/str/fsl_str.o
 .text.PrintIsobpu
                0x0000191a       0x38 ./utilities/str/fsl_str.o
 .text.PrintIsdi
                0x00001952       0x2c ./utilities/str/fsl_str.o
 .text.PrintOutputdifFobpu
                0x0000197e       0x44 ./utilities/str/fsl_str.o
 .text.PrintOutputxX
                0x000019c2       0x44 ./utilities/str/fsl_str.o
 .text.PrintIsfF
                0x00001a06       0x2c ./utilities/str/fsl_str.o
 .text.PrintIsxX
                0x00001a32       0x2c ./utilities/str/fsl_str.o
 .text.PrintFilterLengthFlag
                0x00001a5e       0x3e ./utilities/str/fsl_str.o
 .text.PrintGetRadixFromobpu
                0x00001a9c       0x40 ./utilities/str/fsl_str.o
 .text.ConvertRadixNumToString
                0x00001adc       0xc2 ./utilities/str/fsl_str.o
 .text.StrFormatExaminedi
                0x00001b9e       0x26 ./utilities/str/fsl_str.o
 .text.StrFormatExaminexX
                0x00001bc4       0x26 ./utilities/str/fsl_str.o
 .text.StrFormatExamineobpu
                0x00001bea       0x26 ./utilities/str/fsl_str.o
 .text.ConvertPrecisionWidthToLength
                0x00001c10       0x20 ./utilities/str/fsl_str.o
 .text.StrFormatPrintf
                0x00001c30      0x2bc ./utilities/str/fsl_str.o
                0x00001c30                StrFormatPrintf
 .text.DbgConsole_PrintCallback
                0x00001eec       0x66 ./utilities/debug_console/fsl_debug_console.o
 .text.DbgConsole_Printf
                0x00001f52       0x2c ./utilities/debug_console/fsl_debug_console.o
                0x00001f52                DbgConsole_Printf
 .text.fsl_assert_hook
                0x00001f7e       0x1a ./utilities/fsl_assert.o
                0x00001f7e                fsl_assert_hook
 .text.WDT_BOD_IRQHandler
                0x00001f98        0x8 ./startup/startup_lpc54606.o
                0x00001f98                WDT_BOD_IRQHandler
 .text.DMA0_IRQHandler
                0x00001fa0        0x8 ./startup/startup_lpc54606.o
                0x00001fa0                DMA0_IRQHandler
 .text.GINT0_IRQHandler
                0x00001fa8        0x8 ./startup/startup_lpc54606.o
                0x00001fa8                GINT0_IRQHandler
 .text.GINT1_IRQHandler
                0x00001fb0        0x8 ./startup/startup_lpc54606.o
                0x00001fb0                GINT1_IRQHandler
 .text.PIN_INT0_IRQHandler
                0x00001fb8        0x8 ./startup/startup_lpc54606.o
                0x00001fb8                PIN_INT0_IRQHandler
 .text.PIN_INT1_IRQHandler
                0x00001fc0        0x8 ./startup/startup_lpc54606.o
                0x00001fc0                PIN_INT1_IRQHandler
 .text.PIN_INT2_IRQHandler
                0x00001fc8        0x8 ./startup/startup_lpc54606.o
                0x00001fc8                PIN_INT2_IRQHandler
 .text.PIN_INT3_IRQHandler
                0x00001fd0        0x8 ./startup/startup_lpc54606.o
                0x00001fd0                PIN_INT3_IRQHandler
 .text.UTICK0_IRQHandler
                0x00001fd8        0x8 ./startup/startup_lpc54606.o
                0x00001fd8                UTICK0_IRQHandler
 .text.MRT0_IRQHandler
                0x00001fe0        0x8 ./startup/startup_lpc54606.o
                0x00001fe0                MRT0_IRQHandler
 .text.CTIMER0_IRQHandler
                0x00001fe8        0x8 ./startup/startup_lpc54606.o
                0x00001fe8                CTIMER0_IRQHandler
 .text.CTIMER1_IRQHandler
                0x00001ff0        0x8 ./startup/startup_lpc54606.o
                0x00001ff0                CTIMER1_IRQHandler
 .text.SCT0_IRQHandler
                0x00001ff8        0x8 ./startup/startup_lpc54606.o
                0x00001ff8                SCT0_IRQHandler
 .text.CTIMER3_IRQHandler
                0x00002000        0x8 ./startup/startup_lpc54606.o
                0x00002000                CTIMER3_IRQHandler
 .text.FLEXCOMM0_IRQHandler
                0x00002008        0x8 ./startup/startup_lpc54606.o
                0x00002008                FLEXCOMM0_IRQHandler
 .text.FLEXCOMM1_IRQHandler
                0x00002010        0x8 ./startup/startup_lpc54606.o
                0x00002010                FLEXCOMM1_IRQHandler
 .text.FLEXCOMM2_IRQHandler
                0x00002018        0x8 ./startup/startup_lpc54606.o
                0x00002018                FLEXCOMM2_IRQHandler
 .text.FLEXCOMM3_IRQHandler
                0x00002020        0x8 ./startup/startup_lpc54606.o
                0x00002020                FLEXCOMM3_IRQHandler
 .text.FLEXCOMM4_IRQHandler
                0x00002028        0x8 ./startup/startup_lpc54606.o
                0x00002028                FLEXCOMM4_IRQHandler
 .text.FLEXCOMM5_IRQHandler
                0x00002030        0x8 ./startup/startup_lpc54606.o
                0x00002030                FLEXCOMM5_IRQHandler
 .text.FLEXCOMM6_IRQHandler
                0x00002038        0x8 ./startup/startup_lpc54606.o
                0x00002038                FLEXCOMM6_IRQHandler
 .text.FLEXCOMM7_IRQHandler
                0x00002040        0x8 ./startup/startup_lpc54606.o
                0x00002040                FLEXCOMM7_IRQHandler
 .text.ADC0_SEQA_IRQHandler
                0x00002048        0x8 ./startup/startup_lpc54606.o
                0x00002048                ADC0_SEQA_IRQHandler
 .text.ADC0_SEQB_IRQHandler
                0x00002050        0x8 ./startup/startup_lpc54606.o
                0x00002050                ADC0_SEQB_IRQHandler
 .text.ADC0_THCMP_IRQHandler
                0x00002058        0x8 ./startup/startup_lpc54606.o
                0x00002058                ADC0_THCMP_IRQHandler
 .text.DMIC0_IRQHandler
                0x00002060        0x8 ./startup/startup_lpc54606.o
                0x00002060                DMIC0_IRQHandler
 .text.HWVAD0_IRQHandler
                0x00002068        0x8 ./startup/startup_lpc54606.o
                0x00002068                HWVAD0_IRQHandler
 .text.USB0_NEEDCLK_IRQHandler
                0x00002070        0x8 ./startup/startup_lpc54606.o
                0x00002070                USB0_NEEDCLK_IRQHandler
 .text.USB0_IRQHandler
                0x00002078        0x8 ./startup/startup_lpc54606.o
                0x00002078                USB0_IRQHandler
 .text.RTC_IRQHandler
                0x00002080        0x8 ./startup/startup_lpc54606.o
                0x00002080                RTC_IRQHandler
 .text.Reserved46_IRQHandler
                0x00002088        0x8 ./startup/startup_lpc54606.o
                0x00002088                Reserved46_IRQHandler
 .text.Reserved47_IRQHandler
                0x00002090        0x8 ./startup/startup_lpc54606.o
                0x00002090                Reserved47_IRQHandler
 .text.PIN_INT4_IRQHandler
                0x00002098        0x8 ./startup/startup_lpc54606.o
                0x00002098                PIN_INT4_IRQHandler
 .text.PIN_INT5_IRQHandler
                0x000020a0        0x8 ./startup/startup_lpc54606.o
                0x000020a0                PIN_INT5_IRQHandler
 .text.PIN_INT6_IRQHandler
                0x000020a8        0x8 ./startup/startup_lpc54606.o
                0x000020a8                PIN_INT6_IRQHandler
 .text.PIN_INT7_IRQHandler
                0x000020b0        0x8 ./startup/startup_lpc54606.o
                0x000020b0                PIN_INT7_IRQHandler
 .text.CTIMER2_IRQHandler
                0x000020b8        0x8 ./startup/startup_lpc54606.o
                0x000020b8                CTIMER2_IRQHandler
 .text.CTIMER4_IRQHandler
                0x000020c0        0x8 ./startup/startup_lpc54606.o
                0x000020c0                CTIMER4_IRQHandler
 .text.RIT_IRQHandler
                0x000020c8        0x8 ./startup/startup_lpc54606.o
                0x000020c8                RIT_IRQHandler
 .text.SPIFI0_IRQHandler
                0x000020d0        0x8 ./startup/startup_lpc54606.o
                0x000020d0                SPIFI0_IRQHandler
 .text.FLEXCOMM8_IRQHandler
                0x000020d8        0x8 ./startup/startup_lpc54606.o
                0x000020d8                FLEXCOMM8_IRQHandler
 .text.FLEXCOMM9_IRQHandler
                0x000020e0        0x8 ./startup/startup_lpc54606.o
                0x000020e0                FLEXCOMM9_IRQHandler
 .text.SDIO_IRQHandler
                0x000020e8        0x8 ./startup/startup_lpc54606.o
                0x000020e8                SDIO_IRQHandler
 .text.CAN0_IRQ0_IRQHandler
                0x000020f0        0x8 ./startup/startup_lpc54606.o
                0x000020f0                CAN0_IRQ0_IRQHandler
 .text.CAN0_IRQ1_IRQHandler
                0x000020f8        0x8 ./startup/startup_lpc54606.o
                0x000020f8                CAN0_IRQ1_IRQHandler
 .text.CAN1_IRQ0_IRQHandler
                0x00002100        0x8 ./startup/startup_lpc54606.o
                0x00002100                CAN1_IRQ0_IRQHandler
 .text.CAN1_IRQ1_IRQHandler
                0x00002108        0x8 ./startup/startup_lpc54606.o
                0x00002108                CAN1_IRQ1_IRQHandler
 .text.USB1_IRQHandler
                0x00002110        0x8 ./startup/startup_lpc54606.o
                0x00002110                USB1_IRQHandler
 .text.USB1_NEEDCLK_IRQHandler
                0x00002118        0x8 ./startup/startup_lpc54606.o
                0x00002118                USB1_NEEDCLK_IRQHandler
 .text.ETHERNET_IRQHandler
                0x00002120        0x8 ./startup/startup_lpc54606.o
                0x00002120                ETHERNET_IRQHandler
 .text.ETHERNET_PMT_IRQHandler
                0x00002128        0x8 ./startup/startup_lpc54606.o
                0x00002128                ETHERNET_PMT_IRQHandler
 .text.ETHERNET_MACLP_IRQHandler
                0x00002130        0x8 ./startup/startup_lpc54606.o
                0x00002130                ETHERNET_MACLP_IRQHandler
 .text.EEPROM_IRQHandler
                0x00002138        0x8 ./startup/startup_lpc54606.o
                0x00002138                EEPROM_IRQHandler
 .text.LCD_IRQHandler
                0x00002140        0x8 ./startup/startup_lpc54606.o
                0x00002140                LCD_IRQHandler
 .text.SHA_IRQHandler
                0x00002148        0x8 ./startup/startup_lpc54606.o
                0x00002148                SHA_IRQHandler
 .text.SMARTCARD0_IRQHandler
                0x00002150        0x8 ./startup/startup_lpc54606.o
                0x00002150                SMARTCARD0_IRQHandler
 .text.SMARTCARD1_IRQHandler
                0x00002158        0x8 ./startup/startup_lpc54606.o
                0x00002158                SMARTCARD1_IRQHandler
 .text.HardFault_Handler
                0x00002160       0x36 ./source/semihost_hardfault.o
                0x00002160                HardFault_Handler
 .text.CLOCK_SetFLASHAccessCycles
                0x00002196       0x34 ./drivers/fsl_clock.o
 .text.CLOCK_GetOsc32KFreq
                0x000021ca       0x12 ./drivers/fsl_clock.o
                0x000021ca                CLOCK_GetOsc32KFreq
 .text.CLOCK_GetI2SMClkFreq
                0x000021dc       0x10 ./drivers/fsl_clock.o
                0x000021dc                CLOCK_GetI2SMClkFreq
 .text.CLOCK_GetFrgClkFreq
                0x000021ec       0x46 ./drivers/fsl_clock.o
                0x000021ec                CLOCK_GetFrgClkFreq
 .text.FLEXCOMM_PeripheralIsPresent
                0x00002232       0x64 ./drivers/fsl_flexcomm.o
 .text.FLEXCOMM_SetPeriph
                0x00002296       0x74 ./drivers/fsl_flexcomm.o
 .text.RESET_PeripheralReset
                0x0000230a       0x1c ./drivers/fsl_reset.o
                0x0000230a                RESET_PeripheralReset
 .text.USART_EnableContinuousSCLK
                0x00002326       0x38 ./drivers/fsl_usart.o
 .text.SystemInitHook
                0x0000235e        0xe ./device/system_LPC54606.o
                0x0000235e                SystemInitHook
 .text.HAL_UartGetStatus
                0x0000236c       0x22 ./component/uart/fsl_adapter_usart.o
 .text.HAL_UartInit
                0x0000238e       0x36 ./component/uart/fsl_adapter_usart.o
                0x0000238e                HAL_UartInit
 .text.DisableGlobalIRQ
                0x000023c4       0x22 ./component/serial_manager/fsl_component_serial_manager.o
 .text.EnableGlobalIRQ
                0x000023e6       0x20 ./component/serial_manager/fsl_component_serial_manager.o
 .text.SerialManager_StartWriting
                0x00002406       0x38 ./component/serial_manager/fsl_component_serial_manager.o
 .text.SerialManager_Write
                0x0000243e       0x44 ./component/serial_manager/fsl_component_serial_manager.o
 .text.SerialManager_Init
                0x00002482       0x60 ./component/serial_manager/fsl_component_serial_manager.o
                0x00002482                SerialManager_Init
 .text.SerialManager_OpenWriteHandle
                0x000024e2       0x50 ./component/serial_manager/fsl_component_serial_manager.o
                0x000024e2                SerialManager_OpenWriteHandle
 .text.SerialManager_OpenReadHandle
                0x00002532       0x60 ./component/serial_manager/fsl_component_serial_manager.o
                0x00002532                SerialManager_OpenReadHandle
 .text.SerialManager_WriteBlocking
                0x00002592       0x20 ./component/serial_manager/fsl_component_serial_manager.o
                0x00002592                SerialManager_WriteBlocking
 .text.Serial_UartInit
                0x000025b2       0x3e ./component/serial_manager/fsl_component_serial_port_uart.o
                0x000025b2                Serial_UartInit
 .text.Serial_UartWrite
                0x000025f0       0x38 ./component/serial_manager/fsl_component_serial_port_uart.o
                0x000025f0                Serial_UartWrite
 .text.POWER_DisablePD
                0x00002628       0x2e ./board/clock_config.o
 .text.BOARD_InitBootClocks
                0x00002656        0xc ./board/clock_config.o
                0x00002656                BOARD_InitBootClocks
 .text.BOARD_InitPeripherals
                0x00002662        0xe ./board/peripherals.o
                0x00002662                BOARD_InitPeripherals
 .text.BOARD_InitBootPeripherals
                0x00002670        0xc ./board/peripherals.o
                0x00002670                BOARD_InitBootPeripherals
 .text.BOARD_InitBootPins
                0x0000267c        0xc ./board/pin_mux.o
                0x0000267c                BOARD_InitBootPins
 .text.BOARD_InitPins
                0x00002688        0xe ./board/pin_mux.o
                0x00002688                BOARD_InitPins
 .text.__main   0x00002696        0xe C:/nxp/MCUXpressoIDE_25.6.136/ide/plugins/com.nxp.mcuxpresso.tools.win32_25.6.0.202501151204/tools/bin/../lib/gcc/arm-none-eabi/14.2.1/../../../../arm-none-eabi/lib/thumb/v7e-m+fp/hard\libcr_nohost_nf.a(_cr__main.o)
                0x00002696                __main
 .text.memcpy   0x000026a4        0x4 C:/nxp/MCUXpressoIDE_25.6.136/ide/plugins/com.nxp.mcuxpresso.tools.win32_25.6.0.202501151204/tools/bin/../lib/gcc/arm-none-eabi/14.2.1/../../../../arm-none-eabi/lib/thumb/v7e-m+fp/hard\libcr_c.a(memcpy.o)
                0x000026a4                memcpy
 .text.memset   0x000026a8        0x4 C:/nxp/MCUXpressoIDE_25.6.136/ide/plugins/com.nxp.mcuxpresso.tools.win32_25.6.0.202501151204/tools/bin/../lib/gcc/arm-none-eabi/14.2.1/../../../../arm-none-eabi/lib/thumb/v7e-m+fp/hard\libcr_c.a(memset.o)
                0x000026a8                memset
 .text.free     0x000026ac       0x30 C:/nxp/MCUXpressoIDE_25.6.136/ide/plugins/com.nxp.mcuxpresso.tools.win32_25.6.0.202501151204/tools/bin/../lib/gcc/arm-none-eabi/14.2.1/../../../../arm-none-eabi/lib/thumb/v7e-m+fp/hard\libcr_c.a(alloc.o)
                0x000026ac                free
 .text.setvbuf  0x000026dc       0x3e C:/nxp/MCUXpressoIDE_25.6.136/ide/plugins/com.nxp.mcuxpresso.tools.win32_25.6.0.202501151204/tools/bin/../lib/gcc/arm-none-eabi/14.2.1/../../../../arm-none-eabi/lib/thumb/v7e-m+fp/hard\libcr_c.a(setvbuf.o)
                0x000026dc                setvbuf
 .text.strlen   0x0000271a       0x4e C:/nxp/MCUXpressoIDE_25.6.136/ide/plugins/com.nxp.mcuxpresso.tools.win32_25.6.0.202501151204/tools/bin/../lib/gcc/arm-none-eabi/14.2.1/../../../../arm-none-eabi/lib/thumb/v7e-m+fp/hard\libcr_c.a(strlen.o)
                0x0000271a                strlen
 .text._deferredlazyseek
                0x00002768       0x40 C:/nxp/MCUXpressoIDE_25.6.136/ide/plugins/com.nxp.mcuxpresso.tools.win32_25.6.0.202501151204/tools/bin/../lib/gcc/arm-none-eabi/14.2.1/../../../../arm-none-eabi/lib/thumb/v7e-m+fp/hard\libcr_c.a(_deferredlazyseek.o)
                0x00002768                _deferredlazyseek
 .text._fdopen  0x000027a8       0x68 C:/nxp/MCUXpressoIDE_25.6.136/ide/plugins/com.nxp.mcuxpresso.tools.win32_25.6.0.202501151204/tools/bin/../lib/gcc/arm-none-eabi/14.2.1/../../../../arm-none-eabi/lib/thumb/v7e-m+fp/hard\libcr_c.a(_fdopen.o)
                0x000027a8                _fdopen
 .text._fflush  0x00002810       0x52 C:/nxp/MCUXpressoIDE_25.6.136/ide/plugins/com.nxp.mcuxpresso.tools.win32_25.6.0.202501151204/tools/bin/../lib/gcc/arm-none-eabi/14.2.1/../../../../arm-none-eabi/lib/thumb/v7e-m+fp/hard\libcr_c.a(_fflush.o)
                0x00002810                _fflush
 .text.fclose   0x00002862       0x58 C:/nxp/MCUXpressoIDE_25.6.136/ide/plugins/com.nxp.mcuxpresso.tools.win32_25.6.0.202501151204/tools/bin/../lib/gcc/arm-none-eabi/14.2.1/../../../../arm-none-eabi/lib/thumb/v7e-m+fp/hard\libcr_c.a(fclose.o)
                0x00002862                fclose
 .text.remove   0x000028ba       0x14 C:/nxp/MCUXpressoIDE_25.6.136/ide/plugins/com.nxp.mcuxpresso.tools.win32_25.6.0.202501151204/tools/bin/../lib/gcc/arm-none-eabi/14.2.1/../../../../arm-none-eabi/lib/thumb/v7e-m+fp/hard\libcr_c.a(remove.o)
                0x000028ba                remove
 .text._do_fflush
                0x000028ce       0x40 C:/nxp/MCUXpressoIDE_25.6.136/ide/plugins/com.nxp.mcuxpresso.tools.win32_25.6.0.202501151204/tools/bin/../lib/gcc/arm-none-eabi/14.2.1/../../../../arm-none-eabi/lib/thumb/v7e-m+fp/hard\libcr_c.a(_do_fflush.o)
                0x000028ce                _do_fflush
 .text.__aeabi_memcpy
                0x0000290e       0x34 C:/nxp/MCUXpressoIDE_25.6.136/ide/plugins/com.nxp.mcuxpresso.tools.win32_25.6.0.202501151204/tools/bin/../lib/gcc/arm-none-eabi/14.2.1/thumb/v7e-m+fp/hard\libcr_eabihelpers.a(memcpy.o)
                0x0000290e                __aeabi_memcpy
                0x00002918                __aeabi_memcpy8
                0x00002918                __aeabi_memcpy4
 .text.__aeabi_memset_lowlevel
                0x00002942       0x32 C:/nxp/MCUXpressoIDE_25.6.136/ide/plugins/com.nxp.mcuxpresso.tools.win32_25.6.0.202501151204/tools/bin/../lib/gcc/arm-none-eabi/14.2.1/thumb/v7e-m+fp/hard\libcr_eabihelpers.a(memcpy.o)
                0x00002942                __aeabi_lowlevel_memset
 .text.__sys_close
                0x00002974        0x6 C:/nxp/MCUXpressoIDE_25.6.136/ide/plugins/com.nxp.mcuxpresso.tools.win32_25.6.0.202501151204/tools/bin/../lib/gcc/arm-none-eabi/14.2.1/../../../../arm-none-eabi/lib/thumb/v7e-m+fp/hard\libcr_nohost_nf.a(__sys_close.o)
                0x00002974                __sys_close
 .text.__sys_flen
                0x0000297a        0x6 C:/nxp/MCUXpressoIDE_25.6.136/ide/plugins/com.nxp.mcuxpresso.tools.win32_25.6.0.202501151204/tools/bin/../lib/gcc/arm-none-eabi/14.2.1/../../../../arm-none-eabi/lib/thumb/v7e-m+fp/hard\libcr_nohost_nf.a(__sys_flen.o)
                0x0000297a                __sys_flen
 .text.__sys_istty
                0x00002980        0x6 C:/nxp/MCUXpressoIDE_25.6.136/ide/plugins/com.nxp.mcuxpresso.tools.win32_25.6.0.202501151204/tools/bin/../lib/gcc/arm-none-eabi/14.2.1/../../../../arm-none-eabi/lib/thumb/v7e-m+fp/hard\libcr_nohost_nf.a(__sys_istty.o)
                0x00002980                __sys_istty
 .text.__sys_remove
                0x00002986        0x6 C:/nxp/MCUXpressoIDE_25.6.136/ide/plugins/com.nxp.mcuxpresso.tools.win32_25.6.0.202501151204/tools/bin/../lib/gcc/arm-none-eabi/14.2.1/../../../../arm-none-eabi/lib/thumb/v7e-m+fp/hard\libcr_nohost_nf.a(__sys_remove.o)
                0x00002986                __sys_remove
 .text.__sys_seek
                0x0000298c        0x6 C:/nxp/MCUXpressoIDE_25.6.136/ide/plugins/com.nxp.mcuxpresso.tools.win32_25.6.0.202501151204/tools/bin/../lib/gcc/arm-none-eabi/14.2.1/../../../../arm-none-eabi/lib/thumb/v7e-m+fp/hard\libcr_nohost_nf.a(__sys_seek.o)
                0x0000298c                __sys_seek
 .text.__sys_tmpnam
                0x00002992        0x6 C:/nxp/MCUXpressoIDE_25.6.136/ide/plugins/com.nxp.mcuxpresso.tools.win32_25.6.0.202501151204/tools/bin/../lib/gcc/arm-none-eabi/14.2.1/../../../../arm-none-eabi/lib/thumb/v7e-m+fp/hard\libcr_nohost_nf.a(__sys_tmpnam.o)
                0x00002992                __sys_tmpnam
 .text.__sys_write
                0x00002998        0x4 C:/nxp/MCUXpressoIDE_25.6.136/ide/plugins/com.nxp.mcuxpresso.tools.win32_25.6.0.202501151204/tools/bin/../lib/gcc/arm-none-eabi/14.2.1/../../../../arm-none-eabi/lib/thumb/v7e-m+fp/hard\libcr_nohost_nf.a(__sys_write.o)
                0x00002998                __sys_write
 *(SORT_BY_ALIGNMENT(.rodata) SORT_BY_ALIGNMENT(.rodata.*) SORT_BY_ALIGNMENT(.constdata) SORT_BY_ALIGNMENT(.constdata.*))
 .rodata.__assertion_failed.str1.4
                0x0000299c      0x5db ./utilities/fsl_assert.o
                                 0x14 (size before relaxing)
 .rodata.main.str1.4
                0x00002f77       0x28 ./source/LPC54606_Project_2.o
 *fill*         0x00002f77        0x1 ff
 .rodata.wdtFreqLookup
                0x00002f78       0x20 ./drivers/fsl_clock.o
 .rodata.CLOCK_GetCoreSysClkFreq.str1.4
                0x00002f98       0x18 ./drivers/fsl_clock.o
 .rodata.CLOCK_GetFlexCommClkFreq.str1.4
                0x00002f98       0x18 ./drivers/fsl_clock.o
 .rodata.CLOCK_GetFRGInputClock.str1.4
                0x00002f98       0x18 ./drivers/fsl_clock.o
 .rodata.s_flexcommBaseAddrs
                0x00002f98       0x28 ./drivers/fsl_flexcomm.o
 .rodata.s_flexcommClocks
                0x00002fc0       0x14 ./drivers/fsl_flexcomm.o
 .rodata.s_flexcommResets
                0x00002fd4       0x28 ./drivers/fsl_flexcomm.o
 .rodata.FLEXCOMM_GetInstance.str1.4
                0x00002ffc       0x41 ./drivers/fsl_flexcomm.o
 .rodata.FLEXCOMM0_DriverIRQHandler.str1.4
                0x00002ffc       0x3c ./drivers/fsl_flexcomm.o
 .rodata.FLEXCOMM1_DriverIRQHandler.str1.4
                0x00002ffc       0x3c ./drivers/fsl_flexcomm.o
 .rodata.FLEXCOMM2_DriverIRQHandler.str1.4
                0x00002ffc       0x3c ./drivers/fsl_flexcomm.o
 .rodata.FLEXCOMM3_DriverIRQHandler.str1.4
                0x00002ffc       0x3c ./drivers/fsl_flexcomm.o
 .rodata.FLEXCOMM4_DriverIRQHandler.str1.4
                0x00002ffc       0x3c ./drivers/fsl_flexcomm.o
 .rodata.FLEXCOMM5_DriverIRQHandler.str1.4
                0x00002ffc       0x3c ./drivers/fsl_flexcomm.o
 .rodata.FLEXCOMM6_DriverIRQHandler.str1.4
                0x00002ffc       0x3c ./drivers/fsl_flexcomm.o
 .rodata.FLEXCOMM7_DriverIRQHandler.str1.4
                0x00002ffc       0x3c ./drivers/fsl_flexcomm.o
 .rodata.FLEXCOMM8_DriverIRQHandler.str1.4
                0x00002ffc       0x3c ./drivers/fsl_flexcomm.o
 .rodata.FLEXCOMM9_DriverIRQHandler.str1.4
                0x00002ffc       0x3c ./drivers/fsl_flexcomm.o
 .rodata.RESET_SetPeripheralReset.str1.4
                0x00002ffc       0x1f ./drivers/fsl_reset.o
 .rodata.RESET_ClearPeripheralReset.str1.4
                0x00002ffc       0x1f ./drivers/fsl_reset.o
 .rodata.USART_Init.str1.4
                0x00002ffc       0x4f ./drivers/fsl_usart.o
 .rodata.USART_GetDefaultConfig.str1.4
                0x00002ffc       0x21 ./drivers/fsl_usart.o
 .rodata.USART_SetBaudRate.str1.4
                0x00002ffc       0x53 ./drivers/fsl_usart.o
 .rodata.USART_WriteBlocking.str1.4
                0x00002ffc       0x36 ./drivers/fsl_usart.o
 .rodata.s_UsartAdapterBase
                0x00002ffc       0x28 ./component/uart/fsl_adapter_usart.o
 .rodata.HAL_UartInitCommon.str1.4
                0x00003024       0xeb ./component/uart/fsl_adapter_usart.o
 .rodata.HAL_UartSendBlocking.str1.4
                0x00003024       0x65 ./component/uart/fsl_adapter_usart.o
 .rodata.BOARD_InitDebugConsole.str1.4
                0x00003024       0x27 ./board/board.o
 .rodata.__num_Ciob_streams
                0x00003024        0x4 C:/nxp/MCUXpressoIDE_25.6.136/ide/plugins/com.nxp.mcuxpresso.tools.win32_25.6.0.202501151204/tools/bin/../lib/gcc/arm-none-eabi/14.2.1/../../../../arm-none-eabi/lib/thumb/v7e-m+fp/hard\libcr_nohost_nf.a(__ciob.o)
                0x00003024                __num_Ciob_streams
 .rodata._initio.str1.1
                0x00003028        0x4 C:/nxp/MCUXpressoIDE_25.6.136/ide/plugins/com.nxp.mcuxpresso.tools.win32_25.6.0.202501151204/tools/bin/../lib/gcc/arm-none-eabi/14.2.1/../../../../arm-none-eabi/lib/thumb/v7e-m+fp/hard\libcr_c.a(initio.o)
                0x00003110                        . = ALIGN (0x4)

.glue_7         0x0000302c        0x0
 .glue_7        0x0000302c        0x0 linker stubs

.glue_7t        0x0000302c        0x0
 .glue_7t       0x0000302c        0x0 linker stubs

.vfp11_veneer   0x0000302c        0x0
 .vfp11_veneer  0x0000302c        0x0 linker stubs

.v4_bx          0x0000302c        0x0
 .v4_bx         0x0000302c        0x0 linker stubs

.iplt           0x0000302c        0x0
 .iplt          0x0000302c        0x0 ./utilities/str/fsl_str.o

.rel.dyn        0x0000302c        0x0
 .rel.iplt      0x0000302c        0x0 ./utilities/str/fsl_str.o

.ARM.extab
 *(SORT_BY_ALIGNMENT(.ARM.extab*) SORT_BY_ALIGNMENT(.gnu.linkonce.armextab.*))

.ARM.exidx      0x0000302c        0x0
                0x0000302c                        __exidx_start = .
 *(SORT_BY_ALIGNMENT(.ARM.exidx*) SORT_BY_ALIGNMENT(.gnu.linkonce.armexidx.*))
                0x0000302c                        __exidx_end = .
                0x0000302c                        _etext = .

.m_usb_data
 *(SORT_BY_ALIGNMENT(m_usb_global))

.data_RAM2      0x04000000        0x0 load address 0x0000302c
 FILL mask 0xff
                [!provide]                        PROVIDE (__start_data_RAM2 = .)
                [!provide]                        PROVIDE (__start_data_SRAMX = .)
 *(SORT_BY_ALIGNMENT(.ramfunc.$RAM2))
 *(SORT_BY_ALIGNMENT(.ramfunc.$SRAMX))
 *(SORT_BY_ALIGNMENT(.data.$RAM2))
 *(SORT_BY_ALIGNMENT(.data.$SRAMX))
 *(SORT_BY_ALIGNMENT(.data.$RAM2.*))
 *(SORT_BY_ALIGNMENT(.data.$SRAMX.*))
                0x04000000                        . = ALIGN (0x4)
                [!provide]                        PROVIDE (__end_data_RAM2 = .)
                [!provide]                        PROVIDE (__end_data_SRAMX = .)

.data_RAM3      0x40100000        0x0 load address 0x0000302c
 FILL mask 0xff
                [!provide]                        PROVIDE (__start_data_RAM3 = .)
                [!provide]                        PROVIDE (__start_data_USB_RAM = .)
 *(SORT_BY_ALIGNMENT(.ramfunc.$RAM3))
 *(SORT_BY_ALIGNMENT(.ramfunc.$USB_RAM))
 *(SORT_BY_ALIGNMENT(.data.$RAM3))
 *(SORT_BY_ALIGNMENT(.data.$USB_RAM))
 *(SORT_BY_ALIGNMENT(.data.$RAM3.*))
 *(SORT_BY_ALIGNMENT(.data.$USB_RAM.*))
                0x40100000                        . = ALIGN (0x4)
                [!provide]                        PROVIDE (__end_data_RAM3 = .)
                [!provide]                        PROVIDE (__end_data_USB_RAM = .)

.uninit_RESERVED
                0x20000000        0x0
                0x20000000                        _start_uninit_RESERVED = .
 *(SORT_BY_ALIGNMENT(.bss.$RESERVED*))
                0x20000000                        . = ALIGN (0x4)
                0x20000000                        _end_uninit_RESERVED = .

.data           0x20000000        0x4 load address 0x0000302c
 FILL mask 0xff
                0x20000000                        _data = .
                [!provide]                        PROVIDE (__start_data_RAM = .)
                [!provide]                        PROVIDE (__start_data_SRAM_UPPER = .)
 *(SORT_BY_ALIGNMENT(vtable))
 *(SORT_BY_ALIGNMENT(.ramfunc*))
 *(SORT_BY_ALIGNMENT(CodeQuickAccess))
 *(SORT_BY_ALIGNMENT(DataQuickAccess))
 *(SORT_BY_ALIGNMENT(RamFunction))
 *(SORT_BY_ALIGNMENT(.data*))
 .data.SystemCoreClock
                0x20000000        0x4 ./device/system_LPC54606.o
                0x20000000                SystemCoreClock
                0x20000004                        . = ALIGN (0x4)
                0x20000004                        _edata = .
                [!provide]                        PROVIDE (__end_data_RAM = .)
                [!provide]                        PROVIDE (__end_data_SRAM_UPPER = .)

.igot.plt       0x20000004        0x0 load address 0x00003030
 .igot.plt      0x20000004        0x0 ./utilities/str/fsl_str.o

.bss_RAM2       0x04000000        0x0
                [!provide]                        PROVIDE (__start_bss_RAM2 = .)
                [!provide]                        PROVIDE (__start_bss_SRAMX = .)
 *(SORT_BY_ALIGNMENT(.bss.$RAM2))
 *(SORT_BY_ALIGNMENT(.bss.$SRAMX))
 *(SORT_BY_ALIGNMENT(.bss.$RAM2.*))
 *(SORT_BY_ALIGNMENT(.bss.$SRAMX.*))
                0x04000000                        . = ALIGN ((. != 0x0)?0x4:0x1)
                [!provide]                        PROVIDE (__end_bss_RAM2 = .)
                [!provide]                        PROVIDE (__end_bss_SRAMX = .)

.bss_RAM3       0x40100000        0x0
                [!provide]                        PROVIDE (__start_bss_RAM3 = .)
                [!provide]                        PROVIDE (__start_bss_USB_RAM = .)
 *(SORT_BY_ALIGNMENT(.bss.$RAM3))
 *(SORT_BY_ALIGNMENT(.bss.$USB_RAM))
 *(SORT_BY_ALIGNMENT(.bss.$RAM3.*))
 *(SORT_BY_ALIGNMENT(.bss.$USB_RAM.*))
                0x40100000                        . = ALIGN ((. != 0x0)?0x4:0x1)
                [!provide]                        PROVIDE (__end_bss_RAM3 = .)
                [!provide]                        PROVIDE (__end_bss_USB_RAM = .)

.bss            0x20000004      0x138
                0x20000004                        _bss = .
                [!provide]                        PROVIDE (__start_bss_RAM = .)
                [!provide]                        PROVIDE (__start_bss_SRAM_UPPER = .)
 *(SORT_BY_ALIGNMENT(.bss*))
 .bss.s_debugConsoleState
                0x20000004       0x20 ./utilities/debug_console/fsl_debug_console.o
 .bss.g_serialHandle
                0x20000024        0x4 ./utilities/debug_console/fsl_debug_console.o
                0x20000024                g_serialHandle
 .bss.i.0       0x20000028        0x4 ./source/LPC54606_Project_2.o
 .bss.s_Pll_Freq
                0x2000002c        0x4 ./drivers/fsl_clock.o
 .bss.s_flexcommIrqHandler
                0x20000030       0x28 ./drivers/fsl_flexcomm.o
 .bss.s_flexcommHandle
                0x20000058       0x28 ./drivers/fsl_flexcomm.o
 .bss.errno     0x20000080        0x4 C:/nxp/MCUXpressoIDE_25.6.136/ide/plugins/com.nxp.mcuxpresso.tools.win32_25.6.0.202501151204/tools/bin/../lib/gcc/arm-none-eabi/14.2.1/../../../../arm-none-eabi/lib/thumb/v7e-m+fp/hard\libcr_c.a(errno.o)
                0x20000080                errno
 .bss.__Ciob    0x20000084       0xb4 C:/nxp/MCUXpressoIDE_25.6.136/ide/plugins/com.nxp.mcuxpresso.tools.win32_25.6.0.202501151204/tools/bin/../lib/gcc/arm-none-eabi/14.2.1/../../../../arm-none-eabi/lib/thumb/v7e-m+fp/hard\libcr_nohost_nf.a(__ciob.o)
                0x20000084                __Ciob
 .bss.s_debugConsoleReadWaitSemaphore
                0x20000138        0x1 ./utilities/debug_console/fsl_debug_console.o
 *(SORT_BY_ALIGNMENT(COMMON))
                0x2000013c                        . = ALIGN (0x4)
 *fill*         0x20000139        0x3 
                0x2000013c                        _ebss = .
                [!provide]                        PROVIDE (__end_bss_RAM = .)
                [!provide]                        PROVIDE (__end_bss_SRAM_UPPER = .)
                [!provide]                        PROVIDE (end = .)

.noinit_RAM2    0x04000000        0x0
                [!provide]                        PROVIDE (__start_noinit_RAM2 = .)
                [!provide]                        PROVIDE (__start_noinit_SRAMX = .)
 *(SORT_BY_ALIGNMENT(.noinit.$RAM2))
 *(SORT_BY_ALIGNMENT(.noinit.$SRAMX))
 *(SORT_BY_ALIGNMENT(.noinit.$RAM2.*))
 *(SORT_BY_ALIGNMENT(.noinit.$SRAMX.*))
                0x04000000                        . = ALIGN (0x4)
                [!provide]                        PROVIDE (__end_noinit_RAM2 = .)
                [!provide]                        PROVIDE (__end_noinit_SRAMX = .)

.noinit_RAM3    0x40100000        0x0
                [!provide]                        PROVIDE (__start_noinit_RAM3 = .)
                [!provide]                        PROVIDE (__start_noinit_USB_RAM = .)
 *(SORT_BY_ALIGNMENT(.noinit.$RAM3))
 *(SORT_BY_ALIGNMENT(.noinit.$USB_RAM))
 *(SORT_BY_ALIGNMENT(.noinit.$RAM3.*))
 *(SORT_BY_ALIGNMENT(.noinit.$USB_RAM.*))
                0x40100000                        . = ALIGN (0x4)
                [!provide]                        PROVIDE (__end_noinit_RAM3 = .)
                [!provide]                        PROVIDE (__end_noinit_USB_RAM = .)

.noinit         0x2000013c        0x0
                0x2000013c                        _noinit = .
                [!provide]                        PROVIDE (__start_noinit_RAM = .)
                [!provide]                        PROVIDE (__start_noinit_SRAM_UPPER = .)
 *(SORT_BY_ALIGNMENT(.noinit*))
                0x2000013c                        . = ALIGN (0x4)
                0x2000013c                        _end_noinit = .
                [!provide]                        PROVIDE (__end_noinit_RAM = .)
                [!provide]                        PROVIDE (__end_noinit_SRAM_UPPER = .)
                0x00001000                        _HeapSize = 0x1000

.heap           0x2000013c     0x1000
                0x2000013c                        _pvHeapStart = .
                0x2000113c                        . = (. + _HeapSize)
 *fill*         0x2000013c     0x1000 
                0x2000113c                        . = ALIGN (0x4)
                0x2000113c                        _pvHeapLimit = .
                0x00001000                        _StackSize = 0x1000

.heap2stackfill
                0x2000113c     0x1000
                0x2000213c                        . = (. + _StackSize)
 *fill*         0x2000113c     0x1000 

.stack          0x20027000        0x0
                0x20027000                        _vStackBase = .
                0x20027000                        . = ALIGN (0x4)
                0x20028000                        _vStackTop = (. + _StackSize)
                0xdffd5588                        PROVIDE (__valid_user_code_checksum = (0x0 - ((((((_vStackTop + (ResetISR + 0x1)) + (NMI_Handler + 0x1)) + (HardFault_Handler + 0x1)) + (DEFINED (MemManage_Handler)?MemManage_Handler:0x0 + 0x1)) + (DEFINED (BusFault_Handler)?BusFault_Handler:0x0 + 0x1)) + (DEFINED (UsageFault_Handler)?UsageFault_Handler:0x0 + 0x1))))
                0x00000000                        _image_start = LOADADDR (.text)
                0x00003030                        _image_end = (LOADADDR (.data) + SIZEOF (.data))
                0x00003030                        _image_size = (_image_end - _image_start)
OUTPUT(LPC54606_Project_2.axf elf32-littlearm)
LOAD linker stubs

.debug_info     0x00000000    0x12400
 .debug_info    0x00000000      0xd5d ./utilities/str/fsl_str.o
 .debug_info    0x00000d5d      0xeb9 ./utilities/debug_console/fsl_debug_console.o
 .debug_info    0x00001c16      0x12e ./utilities/fsl_assert.o
 .debug_info    0x00001d44      0x983 ./startup/startup_lpc54606.o
 .debug_info    0x000026c7      0x10f ./source/LPC54606_Project_2.o
 .debug_info    0x000027d6       0x3c ./source/semihost_hardfault.o
 .debug_info    0x00002812     0x314f ./drivers/fsl_clock.o
 .debug_info    0x00005961     0x1a99 ./drivers/fsl_flexcomm.o
 .debug_info    0x000073fa     0x12f9 ./drivers/fsl_power.o
 .debug_info    0x000086f3      0xd28 ./drivers/fsl_reset.o
 .debug_info    0x0000941b     0x19a2 ./drivers/fsl_usart.o
 .debug_info    0x0000adbd      0xe8e ./device/system_LPC54606.o
 .debug_info    0x0000bc4b      0xd7c ./component/uart/fsl_adapter_usart.o
 .debug_info    0x0000c9c7      0xe2d ./component/serial_manager/fsl_component_serial_manager.o
 .debug_info    0x0000d7f4      0x551 ./component/serial_manager/fsl_component_serial_port_uart.o
 .debug_info    0x0000dd45      0xb64 ./board/board.o
 .debug_info    0x0000e8a9      0xfc4 ./board/clock_config.o
 .debug_info    0x0000f86d       0x4e ./board/peripherals.o
 .debug_info    0x0000f8bb       0x9b ./board/pin_mux.o
 .debug_info    0x0000f956       0x85 C:/nxp/MCUXpressoIDE_25.6.136/ide/plugins/com.nxp.mcuxpresso.tools.win32_25.6.0.202501151204/tools/bin/../lib/gcc/arm-none-eabi/14.2.1/../../../../arm-none-eabi/lib/thumb/v7e-m+fp/hard\libcr_nohost_nf.a(_cr__main.o)
 .debug_info    0x0000f9db      0x12b C:/nxp/MCUXpressoIDE_25.6.136/ide/plugins/com.nxp.mcuxpresso.tools.win32_25.6.0.202501151204/tools/bin/../lib/gcc/arm-none-eabi/14.2.1/../../../../arm-none-eabi/lib/thumb/v7e-m+fp/hard\libcr_c.a(memcpy.o)
 .debug_info    0x0000fb06       0xfc C:/nxp/MCUXpressoIDE_25.6.136/ide/plugins/com.nxp.mcuxpresso.tools.win32_25.6.0.202501151204/tools/bin/../lib/gcc/arm-none-eabi/14.2.1/../../../../arm-none-eabi/lib/thumb/v7e-m+fp/hard\libcr_c.a(memset.o)
 .debug_info    0x0000fc02      0x520 C:/nxp/MCUXpressoIDE_25.6.136/ide/plugins/com.nxp.mcuxpresso.tools.win32_25.6.0.202501151204/tools/bin/../lib/gcc/arm-none-eabi/14.2.1/../../../../arm-none-eabi/lib/thumb/v7e-m+fp/hard\libcr_c.a(alloc.o)
 .debug_info    0x00010122       0x44 C:/nxp/MCUXpressoIDE_25.6.136/ide/plugins/com.nxp.mcuxpresso.tools.win32_25.6.0.202501151204/tools/bin/../lib/gcc/arm-none-eabi/14.2.1/../../../../arm-none-eabi/lib/thumb/v7e-m+fp/hard\libcr_c.a(errno.o)
 .debug_info    0x00010166      0x339 C:/nxp/MCUXpressoIDE_25.6.136/ide/plugins/com.nxp.mcuxpresso.tools.win32_25.6.0.202501151204/tools/bin/../lib/gcc/arm-none-eabi/14.2.1/../../../../arm-none-eabi/lib/thumb/v7e-m+fp/hard\libcr_c.a(initio.o)
 .debug_info    0x0001049f      0x1fd C:/nxp/MCUXpressoIDE_25.6.136/ide/plugins/com.nxp.mcuxpresso.tools.win32_25.6.0.202501151204/tools/bin/../lib/gcc/arm-none-eabi/14.2.1/../../../../arm-none-eabi/lib/thumb/v7e-m+fp/hard\libcr_c.a(setvbuf.o)
 .debug_info    0x0001069c       0xe1 C:/nxp/MCUXpressoIDE_25.6.136/ide/plugins/com.nxp.mcuxpresso.tools.win32_25.6.0.202501151204/tools/bin/../lib/gcc/arm-none-eabi/14.2.1/../../../../arm-none-eabi/lib/thumb/v7e-m+fp/hard\libcr_c.a(strlen.o)
 .debug_info    0x0001077d      0x396 C:/nxp/MCUXpressoIDE_25.6.136/ide/plugins/com.nxp.mcuxpresso.tools.win32_25.6.0.202501151204/tools/bin/../lib/gcc/arm-none-eabi/14.2.1/../../../../arm-none-eabi/lib/thumb/v7e-m+fp/hard\libcr_c.a(_deferredlazyseek.o)
 .debug_info    0x00010b13      0x24b C:/nxp/MCUXpressoIDE_25.6.136/ide/plugins/com.nxp.mcuxpresso.tools.win32_25.6.0.202501151204/tools/bin/../lib/gcc/arm-none-eabi/14.2.1/../../../../arm-none-eabi/lib/thumb/v7e-m+fp/hard\libcr_c.a(_fdopen.o)
 .debug_info    0x00010d5e      0x1e3 C:/nxp/MCUXpressoIDE_25.6.136/ide/plugins/com.nxp.mcuxpresso.tools.win32_25.6.0.202501151204/tools/bin/../lib/gcc/arm-none-eabi/14.2.1/../../../../arm-none-eabi/lib/thumb/v7e-m+fp/hard\libcr_c.a(_fflush.o)
 .debug_info    0x00010f41      0x289 C:/nxp/MCUXpressoIDE_25.6.136/ide/plugins/com.nxp.mcuxpresso.tools.win32_25.6.0.202501151204/tools/bin/../lib/gcc/arm-none-eabi/14.2.1/../../../../arm-none-eabi/lib/thumb/v7e-m+fp/hard\libcr_c.a(_writebuf.o)
 .debug_info    0x000111ca      0x31e C:/nxp/MCUXpressoIDE_25.6.136/ide/plugins/com.nxp.mcuxpresso.tools.win32_25.6.0.202501151204/tools/bin/../lib/gcc/arm-none-eabi/14.2.1/../../../../arm-none-eabi/lib/thumb/v7e-m+fp/hard\libcr_c.a(fclose.o)
 .debug_info    0x000114e8      0x209 C:/nxp/MCUXpressoIDE_25.6.136/ide/plugins/com.nxp.mcuxpresso.tools.win32_25.6.0.202501151204/tools/bin/../lib/gcc/arm-none-eabi/14.2.1/../../../../arm-none-eabi/lib/thumb/v7e-m+fp/hard\libcr_c.a(fflush.o)
 .debug_info    0x000116f1      0x276 C:/nxp/MCUXpressoIDE_25.6.136/ide/plugins/com.nxp.mcuxpresso.tools.win32_25.6.0.202501151204/tools/bin/../lib/gcc/arm-none-eabi/14.2.1/../../../../arm-none-eabi/lib/thumb/v7e-m+fp/hard\libcr_c.a(fseek.o)
 .debug_info    0x00011967      0x197 C:/nxp/MCUXpressoIDE_25.6.136/ide/plugins/com.nxp.mcuxpresso.tools.win32_25.6.0.202501151204/tools/bin/../lib/gcc/arm-none-eabi/14.2.1/../../../../arm-none-eabi/lib/thumb/v7e-m+fp/hard\libcr_c.a(ftell.o)
 .debug_info    0x00011afe      0x1d7 C:/nxp/MCUXpressoIDE_25.6.136/ide/plugins/com.nxp.mcuxpresso.tools.win32_25.6.0.202501151204/tools/bin/../lib/gcc/arm-none-eabi/14.2.1/../../../../arm-none-eabi/lib/thumb/v7e-m+fp/hard\libcr_c.a(remove.o)
 .debug_info    0x00011cd5      0x23a C:/nxp/MCUXpressoIDE_25.6.136/ide/plugins/com.nxp.mcuxpresso.tools.win32_25.6.0.202501151204/tools/bin/../lib/gcc/arm-none-eabi/14.2.1/../../../../arm-none-eabi/lib/thumb/v7e-m+fp/hard\libcr_c.a(_do_fflush.o)
 .debug_info    0x00011f0f      0x18b C:/nxp/MCUXpressoIDE_25.6.136/ide/plugins/com.nxp.mcuxpresso.tools.win32_25.6.0.202501151204/tools/bin/../lib/gcc/arm-none-eabi/14.2.1/../../../../arm-none-eabi/lib/thumb/v7e-m+fp/hard\libcr_nohost_nf.a(__ciob.o)
 .debug_info    0x0001209a       0x6a C:/nxp/MCUXpressoIDE_25.6.136/ide/plugins/com.nxp.mcuxpresso.tools.win32_25.6.0.202501151204/tools/bin/../lib/gcc/arm-none-eabi/14.2.1/../../../../arm-none-eabi/lib/thumb/v7e-m+fp/hard\libcr_nohost_nf.a(__sys_close.o)
 .debug_info    0x00012104       0x6a C:/nxp/MCUXpressoIDE_25.6.136/ide/plugins/com.nxp.mcuxpresso.tools.win32_25.6.0.202501151204/tools/bin/../lib/gcc/arm-none-eabi/14.2.1/../../../../arm-none-eabi/lib/thumb/v7e-m+fp/hard\libcr_nohost_nf.a(__sys_flen.o)
 .debug_info    0x0001216e       0x6a C:/nxp/MCUXpressoIDE_25.6.136/ide/plugins/com.nxp.mcuxpresso.tools.win32_25.6.0.202501151204/tools/bin/../lib/gcc/arm-none-eabi/14.2.1/../../../../arm-none-eabi/lib/thumb/v7e-m+fp/hard\libcr_nohost_nf.a(__sys_istty.o)
 .debug_info    0x000121d8       0x8a C:/nxp/MCUXpressoIDE_25.6.136/ide/plugins/com.nxp.mcuxpresso.tools.win32_25.6.0.202501151204/tools/bin/../lib/gcc/arm-none-eabi/14.2.1/../../../../arm-none-eabi/lib/thumb/v7e-m+fp/hard\libcr_nohost_nf.a(__sys_remove.o)
 .debug_info    0x00012262       0x78 C:/nxp/MCUXpressoIDE_25.6.136/ide/plugins/com.nxp.mcuxpresso.tools.win32_25.6.0.202501151204/tools/bin/../lib/gcc/arm-none-eabi/14.2.1/../../../../arm-none-eabi/lib/thumb/v7e-m+fp/hard\libcr_nohost_nf.a(__sys_seek.o)
 .debug_info    0x000122da       0x93 C:/nxp/MCUXpressoIDE_25.6.136/ide/plugins/com.nxp.mcuxpresso.tools.win32_25.6.0.202501151204/tools/bin/../lib/gcc/arm-none-eabi/14.2.1/../../../../arm-none-eabi/lib/thumb/v7e-m+fp/hard\libcr_nohost_nf.a(__sys_tmpnam.o)
 .debug_info    0x0001236d       0x93 C:/nxp/MCUXpressoIDE_25.6.136/ide/plugins/com.nxp.mcuxpresso.tools.win32_25.6.0.202501151204/tools/bin/../lib/gcc/arm-none-eabi/14.2.1/../../../../arm-none-eabi/lib/thumb/v7e-m+fp/hard\libcr_nohost_nf.a(__sys_write.o)

.debug_abbrev   0x00000000     0x3a98
 .debug_abbrev  0x00000000      0x270 ./utilities/str/fsl_str.o
 .debug_abbrev  0x00000270      0x270 ./utilities/debug_console/fsl_debug_console.o
 .debug_abbrev  0x000004e0       0xbd ./utilities/fsl_assert.o
 .debug_abbrev  0x0000059d      0x172 ./startup/startup_lpc54606.o
 .debug_abbrev  0x0000070f       0xcb ./source/LPC54606_Project_2.o
 .debug_abbrev  0x000007da       0x31 ./source/semihost_hardfault.o
 .debug_abbrev  0x0000080b      0x3c5 ./drivers/fsl_clock.o
 .debug_abbrev  0x00000bd0      0x306 ./drivers/fsl_flexcomm.o
 .debug_abbrev  0x00000ed6      0x3aa ./drivers/fsl_power.o
 .debug_abbrev  0x00001280      0x186 ./drivers/fsl_reset.o
 .debug_abbrev  0x00001406      0x409 ./drivers/fsl_usart.o
 .debug_abbrev  0x0000180f      0x217 ./device/system_LPC54606.o
 .debug_abbrev  0x00001a26      0x229 ./component/uart/fsl_adapter_usart.o
 .debug_abbrev  0x00001c4f      0x2be ./component/serial_manager/fsl_component_serial_manager.o
 .debug_abbrev  0x00001f0d      0x18c ./component/serial_manager/fsl_component_serial_port_uart.o
 .debug_abbrev  0x00002099      0x15e ./board/board.o
 .debug_abbrev  0x000021f7      0x190 ./board/clock_config.o
 .debug_abbrev  0x00002387       0x4b ./board/peripherals.o
 .debug_abbrev  0x000023d2       0x61 ./board/pin_mux.o
 .debug_abbrev  0x00002433       0x70 C:/nxp/MCUXpressoIDE_25.6.136/ide/plugins/com.nxp.mcuxpresso.tools.win32_25.6.0.202501151204/tools/bin/../lib/gcc/arm-none-eabi/14.2.1/../../../../arm-none-eabi/lib/thumb/v7e-m+fp/hard\libcr_nohost_nf.a(_cr__main.o)
 .debug_abbrev  0x000024a3       0xb6 C:/nxp/MCUXpressoIDE_25.6.136/ide/plugins/com.nxp.mcuxpresso.tools.win32_25.6.0.202501151204/tools/bin/../lib/gcc/arm-none-eabi/14.2.1/../../../../arm-none-eabi/lib/thumb/v7e-m+fp/hard\libcr_c.a(memcpy.o)
 .debug_abbrev  0x00002559       0xa8 C:/nxp/MCUXpressoIDE_25.6.136/ide/plugins/com.nxp.mcuxpresso.tools.win32_25.6.0.202501151204/tools/bin/../lib/gcc/arm-none-eabi/14.2.1/../../../../arm-none-eabi/lib/thumb/v7e-m+fp/hard\libcr_c.a(memset.o)
 .debug_abbrev  0x00002601      0x284 C:/nxp/MCUXpressoIDE_25.6.136/ide/plugins/com.nxp.mcuxpresso.tools.win32_25.6.0.202501151204/tools/bin/../lib/gcc/arm-none-eabi/14.2.1/../../../../arm-none-eabi/lib/thumb/v7e-m+fp/hard\libcr_c.a(alloc.o)
 .debug_abbrev  0x00002885       0x44 C:/nxp/MCUXpressoIDE_25.6.136/ide/plugins/com.nxp.mcuxpresso.tools.win32_25.6.0.202501151204/tools/bin/../lib/gcc/arm-none-eabi/14.2.1/../../../../arm-none-eabi/lib/thumb/v7e-m+fp/hard\libcr_c.a(errno.o)
 .debug_abbrev  0x000028c9      0x169 C:/nxp/MCUXpressoIDE_25.6.136/ide/plugins/com.nxp.mcuxpresso.tools.win32_25.6.0.202501151204/tools/bin/../lib/gcc/arm-none-eabi/14.2.1/../../../../arm-none-eabi/lib/thumb/v7e-m+fp/hard\libcr_c.a(initio.o)
 .debug_abbrev  0x00002a32       0xe1 C:/nxp/MCUXpressoIDE_25.6.136/ide/plugins/com.nxp.mcuxpresso.tools.win32_25.6.0.202501151204/tools/bin/../lib/gcc/arm-none-eabi/14.2.1/../../../../arm-none-eabi/lib/thumb/v7e-m+fp/hard\libcr_c.a(setvbuf.o)
 .debug_abbrev  0x00002b13       0xa7 C:/nxp/MCUXpressoIDE_25.6.136/ide/plugins/com.nxp.mcuxpresso.tools.win32_25.6.0.202501151204/tools/bin/../lib/gcc/arm-none-eabi/14.2.1/../../../../arm-none-eabi/lib/thumb/v7e-m+fp/hard\libcr_c.a(strlen.o)
 .debug_abbrev  0x00002bba      0x18e C:/nxp/MCUXpressoIDE_25.6.136/ide/plugins/com.nxp.mcuxpresso.tools.win32_25.6.0.202501151204/tools/bin/../lib/gcc/arm-none-eabi/14.2.1/../../../../arm-none-eabi/lib/thumb/v7e-m+fp/hard\libcr_c.a(_deferredlazyseek.o)
 .debug_abbrev  0x00002d48      0x119 C:/nxp/MCUXpressoIDE_25.6.136/ide/plugins/com.nxp.mcuxpresso.tools.win32_25.6.0.202501151204/tools/bin/../lib/gcc/arm-none-eabi/14.2.1/../../../../arm-none-eabi/lib/thumb/v7e-m+fp/hard\libcr_c.a(_fdopen.o)
 .debug_abbrev  0x00002e61       0xf1 C:/nxp/MCUXpressoIDE_25.6.136/ide/plugins/com.nxp.mcuxpresso.tools.win32_25.6.0.202501151204/tools/bin/../lib/gcc/arm-none-eabi/14.2.1/../../../../arm-none-eabi/lib/thumb/v7e-m+fp/hard\libcr_c.a(_fflush.o)
 .debug_abbrev  0x00002f52      0x126 C:/nxp/MCUXpressoIDE_25.6.136/ide/plugins/com.nxp.mcuxpresso.tools.win32_25.6.0.202501151204/tools/bin/../lib/gcc/arm-none-eabi/14.2.1/../../../../arm-none-eabi/lib/thumb/v7e-m+fp/hard\libcr_c.a(_writebuf.o)
 .debug_abbrev  0x00003078      0x158 C:/nxp/MCUXpressoIDE_25.6.136/ide/plugins/com.nxp.mcuxpresso.tools.win32_25.6.0.202501151204/tools/bin/../lib/gcc/arm-none-eabi/14.2.1/../../../../arm-none-eabi/lib/thumb/v7e-m+fp/hard\libcr_c.a(fclose.o)
 .debug_abbrev  0x000031d0      0x125 C:/nxp/MCUXpressoIDE_25.6.136/ide/plugins/com.nxp.mcuxpresso.tools.win32_25.6.0.202501151204/tools/bin/../lib/gcc/arm-none-eabi/14.2.1/../../../../arm-none-eabi/lib/thumb/v7e-m+fp/hard\libcr_c.a(fflush.o)
 .debug_abbrev  0x000032f5      0x11b C:/nxp/MCUXpressoIDE_25.6.136/ide/plugins/com.nxp.mcuxpresso.tools.win32_25.6.0.202501151204/tools/bin/../lib/gcc/arm-none-eabi/14.2.1/../../../../arm-none-eabi/lib/thumb/v7e-m+fp/hard\libcr_c.a(fseek.o)
 .debug_abbrev  0x00003410       0xc2 C:/nxp/MCUXpressoIDE_25.6.136/ide/plugins/com.nxp.mcuxpresso.tools.win32_25.6.0.202501151204/tools/bin/../lib/gcc/arm-none-eabi/14.2.1/../../../../arm-none-eabi/lib/thumb/v7e-m+fp/hard\libcr_c.a(ftell.o)
 .debug_abbrev  0x000034d2       0xfb C:/nxp/MCUXpressoIDE_25.6.136/ide/plugins/com.nxp.mcuxpresso.tools.win32_25.6.0.202501151204/tools/bin/../lib/gcc/arm-none-eabi/14.2.1/../../../../arm-none-eabi/lib/thumb/v7e-m+fp/hard\libcr_c.a(remove.o)
 .debug_abbrev  0x000035cd      0x12c C:/nxp/MCUXpressoIDE_25.6.136/ide/plugins/com.nxp.mcuxpresso.tools.win32_25.6.0.202501151204/tools/bin/../lib/gcc/arm-none-eabi/14.2.1/../../../../arm-none-eabi/lib/thumb/v7e-m+fp/hard\libcr_c.a(_do_fflush.o)
 .debug_abbrev  0x000036f9       0xb5 C:/nxp/MCUXpressoIDE_25.6.136/ide/plugins/com.nxp.mcuxpresso.tools.win32_25.6.0.202501151204/tools/bin/../lib/gcc/arm-none-eabi/14.2.1/../../../../arm-none-eabi/lib/thumb/v7e-m+fp/hard\libcr_nohost_nf.a(__ciob.o)
 .debug_abbrev  0x000037ae       0x5c C:/nxp/MCUXpressoIDE_25.6.136/ide/plugins/com.nxp.mcuxpresso.tools.win32_25.6.0.202501151204/tools/bin/../lib/gcc/arm-none-eabi/14.2.1/../../../../arm-none-eabi/lib/thumb/v7e-m+fp/hard\libcr_nohost_nf.a(__sys_close.o)
 .debug_abbrev  0x0000380a       0x5c C:/nxp/MCUXpressoIDE_25.6.136/ide/plugins/com.nxp.mcuxpresso.tools.win32_25.6.0.202501151204/tools/bin/../lib/gcc/arm-none-eabi/14.2.1/../../../../arm-none-eabi/lib/thumb/v7e-m+fp/hard\libcr_nohost_nf.a(__sys_flen.o)
 .debug_abbrev  0x00003866       0x5c C:/nxp/MCUXpressoIDE_25.6.136/ide/plugins/com.nxp.mcuxpresso.tools.win32_25.6.0.202501151204/tools/bin/../lib/gcc/arm-none-eabi/14.2.1/../../../../arm-none-eabi/lib/thumb/v7e-m+fp/hard\libcr_nohost_nf.a(__sys_istty.o)
 .debug_abbrev  0x000038c2       0x7d C:/nxp/MCUXpressoIDE_25.6.136/ide/plugins/com.nxp.mcuxpresso.tools.win32_25.6.0.202501151204/tools/bin/../lib/gcc/arm-none-eabi/14.2.1/../../../../arm-none-eabi/lib/thumb/v7e-m+fp/hard\libcr_nohost_nf.a(__sys_remove.o)
 .debug_abbrev  0x0000393f       0x6d C:/nxp/MCUXpressoIDE_25.6.136/ide/plugins/com.nxp.mcuxpresso.tools.win32_25.6.0.202501151204/tools/bin/../lib/gcc/arm-none-eabi/14.2.1/../../../../arm-none-eabi/lib/thumb/v7e-m+fp/hard\libcr_nohost_nf.a(__sys_seek.o)
 .debug_abbrev  0x000039ac       0x76 C:/nxp/MCUXpressoIDE_25.6.136/ide/plugins/com.nxp.mcuxpresso.tools.win32_25.6.0.202501151204/tools/bin/../lib/gcc/arm-none-eabi/14.2.1/../../../../arm-none-eabi/lib/thumb/v7e-m+fp/hard\libcr_nohost_nf.a(__sys_tmpnam.o)
 .debug_abbrev  0x00003a22       0x76 C:/nxp/MCUXpressoIDE_25.6.136/ide/plugins/com.nxp.mcuxpresso.tools.win32_25.6.0.202501151204/tools/bin/../lib/gcc/arm-none-eabi/14.2.1/../../../../arm-none-eabi/lib/thumb/v7e-m+fp/hard\libcr_nohost_nf.a(__sys_write.o)

.debug_aranges  0x00000000      0xf18
 .debug_aranges
                0x00000000       0xe8 ./utilities/str/fsl_str.o
 .debug_aranges
                0x000000e8       0xa8 ./utilities/debug_console/fsl_debug_console.o
 .debug_aranges
                0x00000190       0x28 ./utilities/fsl_assert.o
 .debug_aranges
                0x000001b8      0x248 ./startup/startup_lpc54606.o
 .debug_aranges
                0x00000400       0x20 ./source/LPC54606_Project_2.o
 .debug_aranges
                0x00000420       0x20 ./source/semihost_hardfault.o
 .debug_aranges
                0x00000440      0x2c8 ./drivers/fsl_clock.o
 .debug_aranges
                0x00000708       0x98 ./drivers/fsl_flexcomm.o
 .debug_aranges
                0x000007a0       0x90 ./drivers/fsl_power.o
 .debug_aranges
                0x00000830       0x30 ./drivers/fsl_reset.o
 .debug_aranges
                0x00000860      0x108 ./drivers/fsl_usart.o
 .debug_aranges
                0x00000968       0x68 ./device/system_LPC54606.o
 .debug_aranges
                0x000009d0       0x58 ./component/uart/fsl_adapter_usart.o
 .debug_aranges
                0x00000a28       0xa0 ./component/serial_manager/fsl_component_serial_manager.o
 .debug_aranges
                0x00000ac8       0x48 ./component/serial_manager/fsl_component_serial_port_uart.o
 .debug_aranges
                0x00000b10       0x20 ./board/board.o
 .debug_aranges
                0x00000b30       0x30 ./board/clock_config.o
 .debug_aranges
                0x00000b60       0x28 ./board/peripherals.o
 .debug_aranges
                0x00000b88       0x28 ./board/pin_mux.o
 .debug_aranges
                0x00000bb0       0x20 C:/nxp/MCUXpressoIDE_25.6.136/ide/plugins/com.nxp.mcuxpresso.tools.win32_25.6.0.202501151204/tools/bin/../lib/gcc/arm-none-eabi/14.2.1/../../../../arm-none-eabi/lib/thumb/v7e-m+fp/hard\libcr_nohost_nf.a(_cr__main.o)
 .debug_aranges
                0x00000bd0       0x20 C:/nxp/MCUXpressoIDE_25.6.136/ide/plugins/com.nxp.mcuxpresso.tools.win32_25.6.0.202501151204/tools/bin/../lib/gcc/arm-none-eabi/14.2.1/../../../../arm-none-eabi/lib/thumb/v7e-m+fp/hard\libcr_c.a(memcpy.o)
 .debug_aranges
                0x00000bf0       0x20 C:/nxp/MCUXpressoIDE_25.6.136/ide/plugins/com.nxp.mcuxpresso.tools.win32_25.6.0.202501151204/tools/bin/../lib/gcc/arm-none-eabi/14.2.1/../../../../arm-none-eabi/lib/thumb/v7e-m+fp/hard\libcr_c.a(memset.o)
 .debug_aranges
                0x00000c10       0x40 C:/nxp/MCUXpressoIDE_25.6.136/ide/plugins/com.nxp.mcuxpresso.tools.win32_25.6.0.202501151204/tools/bin/../lib/gcc/arm-none-eabi/14.2.1/../../../../arm-none-eabi/lib/thumb/v7e-m+fp/hard\libcr_c.a(alloc.o)
 .debug_aranges
                0x00000c50       0x18 C:/nxp/MCUXpressoIDE_25.6.136/ide/plugins/com.nxp.mcuxpresso.tools.win32_25.6.0.202501151204/tools/bin/../lib/gcc/arm-none-eabi/14.2.1/../../../../arm-none-eabi/lib/thumb/v7e-m+fp/hard\libcr_c.a(errno.o)
 .debug_aranges
                0x00000c68       0x28 C:/nxp/MCUXpressoIDE_25.6.136/ide/plugins/com.nxp.mcuxpresso.tools.win32_25.6.0.202501151204/tools/bin/../lib/gcc/arm-none-eabi/14.2.1/../../../../arm-none-eabi/lib/thumb/v7e-m+fp/hard\libcr_c.a(initio.o)
 .debug_aranges
                0x00000c90       0x20 C:/nxp/MCUXpressoIDE_25.6.136/ide/plugins/com.nxp.mcuxpresso.tools.win32_25.6.0.202501151204/tools/bin/../lib/gcc/arm-none-eabi/14.2.1/../../../../arm-none-eabi/lib/thumb/v7e-m+fp/hard\libcr_c.a(setvbuf.o)
 .debug_aranges
                0x00000cb0       0x20 C:/nxp/MCUXpressoIDE_25.6.136/ide/plugins/com.nxp.mcuxpresso.tools.win32_25.6.0.202501151204/tools/bin/../lib/gcc/arm-none-eabi/14.2.1/../../../../arm-none-eabi/lib/thumb/v7e-m+fp/hard\libcr_c.a(strlen.o)
 .debug_aranges
                0x00000cd0       0x28 C:/nxp/MCUXpressoIDE_25.6.136/ide/plugins/com.nxp.mcuxpresso.tools.win32_25.6.0.202501151204/tools/bin/../lib/gcc/arm-none-eabi/14.2.1/../../../../arm-none-eabi/lib/thumb/v7e-m+fp/hard\libcr_c.a(_deferredlazyseek.o)
 .debug_aranges
                0x00000cf8       0x20 C:/nxp/MCUXpressoIDE_25.6.136/ide/plugins/com.nxp.mcuxpresso.tools.win32_25.6.0.202501151204/tools/bin/../lib/gcc/arm-none-eabi/14.2.1/../../../../arm-none-eabi/lib/thumb/v7e-m+fp/hard\libcr_c.a(_fdopen.o)
 .debug_aranges
                0x00000d18       0x20 C:/nxp/MCUXpressoIDE_25.6.136/ide/plugins/com.nxp.mcuxpresso.tools.win32_25.6.0.202501151204/tools/bin/../lib/gcc/arm-none-eabi/14.2.1/../../../../arm-none-eabi/lib/thumb/v7e-m+fp/hard\libcr_c.a(_fflush.o)
 .debug_aranges
                0x00000d38       0x20 C:/nxp/MCUXpressoIDE_25.6.136/ide/plugins/com.nxp.mcuxpresso.tools.win32_25.6.0.202501151204/tools/bin/../lib/gcc/arm-none-eabi/14.2.1/../../../../arm-none-eabi/lib/thumb/v7e-m+fp/hard\libcr_c.a(_writebuf.o)
 .debug_aranges
                0x00000d58       0x20 C:/nxp/MCUXpressoIDE_25.6.136/ide/plugins/com.nxp.mcuxpresso.tools.win32_25.6.0.202501151204/tools/bin/../lib/gcc/arm-none-eabi/14.2.1/../../../../arm-none-eabi/lib/thumb/v7e-m+fp/hard\libcr_c.a(fclose.o)
 .debug_aranges
                0x00000d78       0x20 C:/nxp/MCUXpressoIDE_25.6.136/ide/plugins/com.nxp.mcuxpresso.tools.win32_25.6.0.202501151204/tools/bin/../lib/gcc/arm-none-eabi/14.2.1/../../../../arm-none-eabi/lib/thumb/v7e-m+fp/hard\libcr_c.a(fflush.o)
 .debug_aranges
                0x00000d98       0x20 C:/nxp/MCUXpressoIDE_25.6.136/ide/plugins/com.nxp.mcuxpresso.tools.win32_25.6.0.202501151204/tools/bin/../lib/gcc/arm-none-eabi/14.2.1/../../../../arm-none-eabi/lib/thumb/v7e-m+fp/hard\libcr_c.a(fseek.o)
 .debug_aranges
                0x00000db8       0x20 C:/nxp/MCUXpressoIDE_25.6.136/ide/plugins/com.nxp.mcuxpresso.tools.win32_25.6.0.202501151204/tools/bin/../lib/gcc/arm-none-eabi/14.2.1/../../../../arm-none-eabi/lib/thumb/v7e-m+fp/hard\libcr_c.a(ftell.o)
 .debug_aranges
                0x00000dd8       0x28 C:/nxp/MCUXpressoIDE_25.6.136/ide/plugins/com.nxp.mcuxpresso.tools.win32_25.6.0.202501151204/tools/bin/../lib/gcc/arm-none-eabi/14.2.1/../../../../arm-none-eabi/lib/thumb/v7e-m+fp/hard\libcr_c.a(remove.o)
 .debug_aranges
                0x00000e00       0x20 C:/nxp/MCUXpressoIDE_25.6.136/ide/plugins/com.nxp.mcuxpresso.tools.win32_25.6.0.202501151204/tools/bin/../lib/gcc/arm-none-eabi/14.2.1/../../../../arm-none-eabi/lib/thumb/v7e-m+fp/hard\libcr_c.a(_do_fflush.o)
 .debug_aranges
                0x00000e20       0x18 C:/nxp/MCUXpressoIDE_25.6.136/ide/plugins/com.nxp.mcuxpresso.tools.win32_25.6.0.202501151204/tools/bin/../lib/gcc/arm-none-eabi/14.2.1/../../../../arm-none-eabi/lib/thumb/v7e-m+fp/hard\libcr_nohost_nf.a(__ciob.o)
 .debug_aranges
                0x00000e38       0x20 C:/nxp/MCUXpressoIDE_25.6.136/ide/plugins/com.nxp.mcuxpresso.tools.win32_25.6.0.202501151204/tools/bin/../lib/gcc/arm-none-eabi/14.2.1/../../../../arm-none-eabi/lib/thumb/v7e-m+fp/hard\libcr_nohost_nf.a(__sys_close.o)
 .debug_aranges
                0x00000e58       0x20 C:/nxp/MCUXpressoIDE_25.6.136/ide/plugins/com.nxp.mcuxpresso.tools.win32_25.6.0.202501151204/tools/bin/../lib/gcc/arm-none-eabi/14.2.1/../../../../arm-none-eabi/lib/thumb/v7e-m+fp/hard\libcr_nohost_nf.a(__sys_flen.o)
 .debug_aranges
                0x00000e78       0x20 C:/nxp/MCUXpressoIDE_25.6.136/ide/plugins/com.nxp.mcuxpresso.tools.win32_25.6.0.202501151204/tools/bin/../lib/gcc/arm-none-eabi/14.2.1/../../../../arm-none-eabi/lib/thumb/v7e-m+fp/hard\libcr_nohost_nf.a(__sys_istty.o)
 .debug_aranges
                0x00000e98       0x20 C:/nxp/MCUXpressoIDE_25.6.136/ide/plugins/com.nxp.mcuxpresso.tools.win32_25.6.0.202501151204/tools/bin/../lib/gcc/arm-none-eabi/14.2.1/../../../../arm-none-eabi/lib/thumb/v7e-m+fp/hard\libcr_nohost_nf.a(__sys_remove.o)
 .debug_aranges
                0x00000eb8       0x20 C:/nxp/MCUXpressoIDE_25.6.136/ide/plugins/com.nxp.mcuxpresso.tools.win32_25.6.0.202501151204/tools/bin/../lib/gcc/arm-none-eabi/14.2.1/../../../../arm-none-eabi/lib/thumb/v7e-m+fp/hard\libcr_nohost_nf.a(__sys_seek.o)
 .debug_aranges
                0x00000ed8       0x20 C:/nxp/MCUXpressoIDE_25.6.136/ide/plugins/com.nxp.mcuxpresso.tools.win32_25.6.0.202501151204/tools/bin/../lib/gcc/arm-none-eabi/14.2.1/../../../../arm-none-eabi/lib/thumb/v7e-m+fp/hard\libcr_nohost_nf.a(__sys_tmpnam.o)
 .debug_aranges
                0x00000ef8       0x20 C:/nxp/MCUXpressoIDE_25.6.136/ide/plugins/com.nxp.mcuxpresso.tools.win32_25.6.0.202501151204/tools/bin/../lib/gcc/arm-none-eabi/14.2.1/../../../../arm-none-eabi/lib/thumb/v7e-m+fp/hard\libcr_nohost_nf.a(__sys_write.o)

.debug_ranges   0x00000000      0xcd0
 .debug_ranges  0x00000000      0x108 ./utilities/str/fsl_str.o
 .debug_ranges  0x00000108       0x98 ./utilities/debug_console/fsl_debug_console.o
 .debug_ranges  0x000001a0       0x18 ./utilities/fsl_assert.o
 .debug_ranges  0x000001b8      0x238 ./startup/startup_lpc54606.o
 .debug_ranges  0x000003f0       0x10 ./source/LPC54606_Project_2.o
 .debug_ranges  0x00000400       0x10 ./source/semihost_hardfault.o
 .debug_ranges  0x00000410      0x2b8 ./drivers/fsl_clock.o
 .debug_ranges  0x000006c8       0x88 ./drivers/fsl_flexcomm.o
 .debug_ranges  0x00000750       0x80 ./drivers/fsl_power.o
 .debug_ranges  0x000007d0       0x20 ./drivers/fsl_reset.o
 .debug_ranges  0x000007f0       0xf8 ./drivers/fsl_usart.o
 .debug_ranges  0x000008e8       0x58 ./device/system_LPC54606.o
 .debug_ranges  0x00000940       0x48 ./component/uart/fsl_adapter_usart.o
 .debug_ranges  0x00000988       0x90 ./component/serial_manager/fsl_component_serial_manager.o
 .debug_ranges  0x00000a18       0x38 ./component/serial_manager/fsl_component_serial_port_uart.o
 .debug_ranges  0x00000a50       0x10 ./board/board.o
 .debug_ranges  0x00000a60       0x20 ./board/clock_config.o
 .debug_ranges  0x00000a80       0x18 ./board/peripherals.o
 .debug_ranges  0x00000a98       0x18 ./board/pin_mux.o
 .debug_ranges  0x00000ab0       0x10 C:/nxp/MCUXpressoIDE_25.6.136/ide/plugins/com.nxp.mcuxpresso.tools.win32_25.6.0.202501151204/tools/bin/../lib/gcc/arm-none-eabi/14.2.1/../../../../arm-none-eabi/lib/thumb/v7e-m+fp/hard\libcr_nohost_nf.a(_cr__main.o)
 .debug_ranges  0x00000ac0       0x10 C:/nxp/MCUXpressoIDE_25.6.136/ide/plugins/com.nxp.mcuxpresso.tools.win32_25.6.0.202501151204/tools/bin/../lib/gcc/arm-none-eabi/14.2.1/../../../../arm-none-eabi/lib/thumb/v7e-m+fp/hard\libcr_c.a(memcpy.o)
 .debug_ranges  0x00000ad0       0x10 C:/nxp/MCUXpressoIDE_25.6.136/ide/plugins/com.nxp.mcuxpresso.tools.win32_25.6.0.202501151204/tools/bin/../lib/gcc/arm-none-eabi/14.2.1/../../../../arm-none-eabi/lib/thumb/v7e-m+fp/hard\libcr_c.a(memset.o)
 .debug_ranges  0x00000ae0       0x48 C:/nxp/MCUXpressoIDE_25.6.136/ide/plugins/com.nxp.mcuxpresso.tools.win32_25.6.0.202501151204/tools/bin/../lib/gcc/arm-none-eabi/14.2.1/../../../../arm-none-eabi/lib/thumb/v7e-m+fp/hard\libcr_c.a(alloc.o)
 .debug_ranges  0x00000b28       0x18 C:/nxp/MCUXpressoIDE_25.6.136/ide/plugins/com.nxp.mcuxpresso.tools.win32_25.6.0.202501151204/tools/bin/../lib/gcc/arm-none-eabi/14.2.1/../../../../arm-none-eabi/lib/thumb/v7e-m+fp/hard\libcr_c.a(initio.o)
 .debug_ranges  0x00000b40       0x10 C:/nxp/MCUXpressoIDE_25.6.136/ide/plugins/com.nxp.mcuxpresso.tools.win32_25.6.0.202501151204/tools/bin/../lib/gcc/arm-none-eabi/14.2.1/../../../../arm-none-eabi/lib/thumb/v7e-m+fp/hard\libcr_c.a(setvbuf.o)
 .debug_ranges  0x00000b50       0x10 C:/nxp/MCUXpressoIDE_25.6.136/ide/plugins/com.nxp.mcuxpresso.tools.win32_25.6.0.202501151204/tools/bin/../lib/gcc/arm-none-eabi/14.2.1/../../../../arm-none-eabi/lib/thumb/v7e-m+fp/hard\libcr_c.a(strlen.o)
 .debug_ranges  0x00000b60       0x30 C:/nxp/MCUXpressoIDE_25.6.136/ide/plugins/com.nxp.mcuxpresso.tools.win32_25.6.0.202501151204/tools/bin/../lib/gcc/arm-none-eabi/14.2.1/../../../../arm-none-eabi/lib/thumb/v7e-m+fp/hard\libcr_c.a(_deferredlazyseek.o)
 .debug_ranges  0x00000b90       0x10 C:/nxp/MCUXpressoIDE_25.6.136/ide/plugins/com.nxp.mcuxpresso.tools.win32_25.6.0.202501151204/tools/bin/../lib/gcc/arm-none-eabi/14.2.1/../../../../arm-none-eabi/lib/thumb/v7e-m+fp/hard\libcr_c.a(_fdopen.o)
 .debug_ranges  0x00000ba0       0x10 C:/nxp/MCUXpressoIDE_25.6.136/ide/plugins/com.nxp.mcuxpresso.tools.win32_25.6.0.202501151204/tools/bin/../lib/gcc/arm-none-eabi/14.2.1/../../../../arm-none-eabi/lib/thumb/v7e-m+fp/hard\libcr_c.a(_fflush.o)
 .debug_ranges  0x00000bb0       0x10 C:/nxp/MCUXpressoIDE_25.6.136/ide/plugins/com.nxp.mcuxpresso.tools.win32_25.6.0.202501151204/tools/bin/../lib/gcc/arm-none-eabi/14.2.1/../../../../arm-none-eabi/lib/thumb/v7e-m+fp/hard\libcr_c.a(_writebuf.o)
 .debug_ranges  0x00000bc0       0x10 C:/nxp/MCUXpressoIDE_25.6.136/ide/plugins/com.nxp.mcuxpresso.tools.win32_25.6.0.202501151204/tools/bin/../lib/gcc/arm-none-eabi/14.2.1/../../../../arm-none-eabi/lib/thumb/v7e-m+fp/hard\libcr_c.a(fclose.o)
 .debug_ranges  0x00000bd0       0x30 C:/nxp/MCUXpressoIDE_25.6.136/ide/plugins/com.nxp.mcuxpresso.tools.win32_25.6.0.202501151204/tools/bin/../lib/gcc/arm-none-eabi/14.2.1/../../../../arm-none-eabi/lib/thumb/v7e-m+fp/hard\libcr_c.a(fflush.o)
 .debug_ranges  0x00000c00       0x10 C:/nxp/MCUXpressoIDE_25.6.136/ide/plugins/com.nxp.mcuxpresso.tools.win32_25.6.0.202501151204/tools/bin/../lib/gcc/arm-none-eabi/14.2.1/../../../../arm-none-eabi/lib/thumb/v7e-m+fp/hard\libcr_c.a(fseek.o)
 .debug_ranges  0x00000c10       0x10 C:/nxp/MCUXpressoIDE_25.6.136/ide/plugins/com.nxp.mcuxpresso.tools.win32_25.6.0.202501151204/tools/bin/../lib/gcc/arm-none-eabi/14.2.1/../../../../arm-none-eabi/lib/thumb/v7e-m+fp/hard\libcr_c.a(ftell.o)
 .debug_ranges  0x00000c20       0x18 C:/nxp/MCUXpressoIDE_25.6.136/ide/plugins/com.nxp.mcuxpresso.tools.win32_25.6.0.202501151204/tools/bin/../lib/gcc/arm-none-eabi/14.2.1/../../../../arm-none-eabi/lib/thumb/v7e-m+fp/hard\libcr_c.a(remove.o)
 .debug_ranges  0x00000c38       0x28 C:/nxp/MCUXpressoIDE_25.6.136/ide/plugins/com.nxp.mcuxpresso.tools.win32_25.6.0.202501151204/tools/bin/../lib/gcc/arm-none-eabi/14.2.1/../../../../arm-none-eabi/lib/thumb/v7e-m+fp/hard\libcr_c.a(_do_fflush.o)
 .debug_ranges  0x00000c60       0x10 C:/nxp/MCUXpressoIDE_25.6.136/ide/plugins/com.nxp.mcuxpresso.tools.win32_25.6.0.202501151204/tools/bin/../lib/gcc/arm-none-eabi/14.2.1/../../../../arm-none-eabi/lib/thumb/v7e-m+fp/hard\libcr_nohost_nf.a(__sys_close.o)
 .debug_ranges  0x00000c70       0x10 C:/nxp/MCUXpressoIDE_25.6.136/ide/plugins/com.nxp.mcuxpresso.tools.win32_25.6.0.202501151204/tools/bin/../lib/gcc/arm-none-eabi/14.2.1/../../../../arm-none-eabi/lib/thumb/v7e-m+fp/hard\libcr_nohost_nf.a(__sys_flen.o)
 .debug_ranges  0x00000c80       0x10 C:/nxp/MCUXpressoIDE_25.6.136/ide/plugins/com.nxp.mcuxpresso.tools.win32_25.6.0.202501151204/tools/bin/../lib/gcc/arm-none-eabi/14.2.1/../../../../arm-none-eabi/lib/thumb/v7e-m+fp/hard\libcr_nohost_nf.a(__sys_istty.o)
 .debug_ranges  0x00000c90       0x10 C:/nxp/MCUXpressoIDE_25.6.136/ide/plugins/com.nxp.mcuxpresso.tools.win32_25.6.0.202501151204/tools/bin/../lib/gcc/arm-none-eabi/14.2.1/../../../../arm-none-eabi/lib/thumb/v7e-m+fp/hard\libcr_nohost_nf.a(__sys_remove.o)
 .debug_ranges  0x00000ca0       0x10 C:/nxp/MCUXpressoIDE_25.6.136/ide/plugins/com.nxp.mcuxpresso.tools.win32_25.6.0.202501151204/tools/bin/../lib/gcc/arm-none-eabi/14.2.1/../../../../arm-none-eabi/lib/thumb/v7e-m+fp/hard\libcr_nohost_nf.a(__sys_seek.o)
 .debug_ranges  0x00000cb0       0x10 C:/nxp/MCUXpressoIDE_25.6.136/ide/plugins/com.nxp.mcuxpresso.tools.win32_25.6.0.202501151204/tools/bin/../lib/gcc/arm-none-eabi/14.2.1/../../../../arm-none-eabi/lib/thumb/v7e-m+fp/hard\libcr_nohost_nf.a(__sys_tmpnam.o)
 .debug_ranges  0x00000cc0       0x10 C:/nxp/MCUXpressoIDE_25.6.136/ide/plugins/com.nxp.mcuxpresso.tools.win32_25.6.0.202501151204/tools/bin/../lib/gcc/arm-none-eabi/14.2.1/../../../../arm-none-eabi/lib/thumb/v7e-m+fp/hard\libcr_nohost_nf.a(__sys_write.o)

.debug_macro    0x00000000    0x14566
 .debug_macro   0x00000000      0x2e8 ./utilities/str/fsl_str.o
 .debug_macro   0x000002e8      0xb08 ./utilities/str/fsl_str.o
 .debug_macro   0x00000df0       0x10 ./utilities/str/fsl_str.o
 .debug_macro   0x00000e00       0xc4 ./utilities/str/fsl_str.o
 .debug_macro   0x00000ec4       0x1c ./utilities/str/fsl_str.o
 .debug_macro   0x00000ee0      0x12e ./utilities/str/fsl_str.o
 .debug_macro   0x0000100e       0x28 ./utilities/str/fsl_str.o
 .debug_macro   0x00001036      0x1c7 ./utilities/str/fsl_str.o
 .debug_macro   0x000011fd       0x16 ./utilities/str/fsl_str.o
 .debug_macro   0x00001213       0x22 ./utilities/str/fsl_str.o
 .debug_macro   0x00001235      0x5b3 ./utilities/str/fsl_str.o
 .debug_macro   0x000017e8       0x38 ./utilities/str/fsl_str.o
 .debug_macro   0x00001820       0x2e ./utilities/str/fsl_str.o
 .debug_macro   0x0000184e       0x10 ./utilities/str/fsl_str.o
 .debug_macro   0x0000185e       0x58 ./utilities/str/fsl_str.o
 .debug_macro   0x000018b6      0x26d ./utilities/str/fsl_str.o
 .debug_macro   0x00001b23       0x28 ./utilities/str/fsl_str.o
 .debug_macro   0x00001b4b     0x11ae ./utilities/str/fsl_str.o
 .debug_macro   0x00002cf9      0x11f ./utilities/str/fsl_str.o
 .debug_macro   0x00002e18       0x2e ./utilities/str/fsl_str.o
 .debug_macro   0x00002e46      0x395 ./utilities/str/fsl_str.o
 .debug_macro   0x000031db      0x7dd ./utilities/str/fsl_str.o
 .debug_macro   0x000039b8      0x7ce ./utilities/str/fsl_str.o
 .debug_macro   0x00004186       0xc7 ./utilities/str/fsl_str.o
 .debug_macro   0x0000424d     0x112f ./utilities/str/fsl_str.o
 .debug_macro   0x0000537c       0xb2 ./utilities/str/fsl_str.o
 .debug_macro   0x0000542e      0x51f ./utilities/str/fsl_str.o
 .debug_macro   0x0000594d      0x390 ./utilities/str/fsl_str.o
 .debug_macro   0x00005cdd      0x30b ./utilities/str/fsl_str.o
 .debug_macro   0x00005fe8      0x15a ./utilities/str/fsl_str.o
 .debug_macro   0x00006142      0x431 ./utilities/str/fsl_str.o
 .debug_macro   0x00006573     0x1b30 ./utilities/str/fsl_str.o
 .debug_macro   0x000080a3       0xdc ./utilities/str/fsl_str.o
 .debug_macro   0x0000817f       0xcd ./utilities/str/fsl_str.o
 .debug_macro   0x0000824c       0x80 ./utilities/str/fsl_str.o
 .debug_macro   0x000082cc      0x175 ./utilities/str/fsl_str.o
 .debug_macro   0x00008441      0x6f4 ./utilities/str/fsl_str.o
 .debug_macro   0x00008b35      0x637 ./utilities/str/fsl_str.o
 .debug_macro   0x0000916c       0xa3 ./utilities/str/fsl_str.o
 .debug_macro   0x0000920f       0xf0 ./utilities/str/fsl_str.o
 .debug_macro   0x000092ff      0x17c ./utilities/str/fsl_str.o
 .debug_macro   0x0000947b       0xe2 ./utilities/str/fsl_str.o
 .debug_macro   0x0000955d      0x2fe ./utilities/str/fsl_str.o
 .debug_macro   0x0000985b       0xdc ./utilities/str/fsl_str.o
 .debug_macro   0x00009937      0x10c ./utilities/str/fsl_str.o
 .debug_macro   0x00009a43      0xe41 ./utilities/str/fsl_str.o
 .debug_macro   0x0000a884      0xc50 ./utilities/str/fsl_str.o
 .debug_macro   0x0000b4d4      0x2fe ./utilities/str/fsl_str.o
 .debug_macro   0x0000b7d2      0x76c ./utilities/str/fsl_str.o
 .debug_macro   0x0000bf3e      0x295 ./utilities/str/fsl_str.o
 .debug_macro   0x0000c1d3     0x28ea ./utilities/str/fsl_str.o
 .debug_macro   0x0000eabd      0x964 ./utilities/str/fsl_str.o
 .debug_macro   0x0000f421      0x3fa ./utilities/str/fsl_str.o
 .debug_macro   0x0000f81b      0x718 ./utilities/str/fsl_str.o
 .debug_macro   0x0000ff33      0x4f6 ./utilities/str/fsl_str.o
 .debug_macro   0x00010429      0x61c ./utilities/str/fsl_str.o
 .debug_macro   0x00010a45      0x18a ./utilities/str/fsl_str.o
 .debug_macro   0x00010bcf       0xf1 ./utilities/str/fsl_str.o
 .debug_macro   0x00010cc0       0x88 ./utilities/str/fsl_str.o
 .debug_macro   0x00010d48       0xe0 ./utilities/str/fsl_str.o
 .debug_macro   0x00010e28      0x2a8 ./utilities/str/fsl_str.o
 .debug_macro   0x000110d0      0x122 ./utilities/str/fsl_str.o
 .debug_macro   0x000111f2       0x16 ./utilities/str/fsl_str.o
 .debug_macro   0x00011208      0x366 ./utilities/debug_console/fsl_debug_console.o
 .debug_macro   0x0001156e       0x16 ./utilities/debug_console/fsl_debug_console.o
 .debug_macro   0x00011584       0x10 ./utilities/debug_console/fsl_debug_console.o
 .debug_macro   0x00011594       0x3c ./utilities/debug_console/fsl_debug_console.o
 .debug_macro   0x000115d0       0x1c ./utilities/debug_console/fsl_debug_console.o
 .debug_macro   0x000115ec       0x70 ./utilities/debug_console/fsl_debug_console.o
 .debug_macro   0x0001165c       0x47 ./utilities/debug_console/fsl_debug_console.o
 .debug_macro   0x000116a3       0x16 ./utilities/debug_console/fsl_debug_console.o
 .debug_macro   0x000116b9       0x6d ./utilities/debug_console/fsl_debug_console.o
 .debug_macro   0x00011726       0x1c ./utilities/debug_console/fsl_debug_console.o
 .debug_macro   0x00011742       0x1c ./utilities/debug_console/fsl_debug_console.o
 .debug_macro   0x0001175e      0x2f3 ./utilities/fsl_assert.o
 .debug_macro   0x00011a51       0x1c ./utilities/fsl_assert.o
 .debug_macro   0x00011a6d       0x22 ./utilities/fsl_assert.o
 .debug_macro   0x00011a8f       0x32 ./startup/startup_lpc54606.o
 .debug_macro   0x00011ac1       0x34 ./startup/startup_lpc54606.o
 .debug_macro   0x00011af5      0x33b ./source/LPC54606_Project_2.o
 .debug_macro   0x00011e30       0xd8 ./source/LPC54606_Project_2.o
 .debug_macro   0x00011f08       0x16 ./source/LPC54606_Project_2.o
 .debug_macro   0x00011f1e       0x10 ./source/LPC54606_Project_2.o
 .debug_macro   0x00011f2e       0xe2 ./source/LPC54606_Project_2.o
 .debug_macro   0x00012010       0x11 ./source/semihost_hardfault.o
 .debug_macro   0x00012021      0x3c3 ./drivers/fsl_clock.o
 .debug_macro   0x000123e4       0x22 ./drivers/fsl_clock.o
 .debug_macro   0x00012406      0x2bb ./drivers/fsl_flexcomm.o
 .debug_macro   0x000126c1       0x10 ./drivers/fsl_flexcomm.o
 .debug_macro   0x000126d1      0x405 ./drivers/fsl_power.o
 .debug_macro   0x00012ad6      0x2b2 ./drivers/fsl_reset.o
 .debug_macro   0x00012d88      0x2ca ./drivers/fsl_usart.o
 .debug_macro   0x00013052       0x1c ./drivers/fsl_usart.o
 .debug_macro   0x0001306e      0x255 ./device/system_LPC54606.o
 .debug_macro   0x000132c3      0x2c7 ./component/uart/fsl_adapter_usart.o
 .debug_macro   0x0001358a       0x22 ./component/uart/fsl_adapter_usart.o
 .debug_macro   0x000135ac       0x47 ./component/uart/fsl_adapter_usart.o
 .debug_macro   0x000135f3      0x330 ./component/serial_manager/fsl_component_serial_manager.o
 .debug_macro   0x00013923       0x6a ./component/serial_manager/fsl_component_serial_manager.o
 .debug_macro   0x0001398d      0x2ee ./component/serial_manager/fsl_component_serial_port_uart.o
 .debug_macro   0x00013c7b      0x310 ./board/board.o
 .debug_macro   0x00013f8b       0x1c ./board/board.o
 .debug_macro   0x00013fa7      0x2d2 ./board/clock_config.o
 .debug_macro   0x00014279       0x1c ./board/clock_config.o
 .debug_macro   0x00014295       0x1b ./board/peripherals.o
 .debug_macro   0x000142b0      0x2b6 ./board/pin_mux.o

.debug_line     0x00000000     0xe4d9
 .debug_line    0x00000000     0x1025 ./utilities/str/fsl_str.o
 .debug_line    0x00001025      0xd54 ./utilities/debug_console/fsl_debug_console.o
 .debug_line    0x00001d79      0x901 ./utilities/fsl_assert.o
 .debug_line    0x0000267a      0x7b1 ./startup/startup_lpc54606.o
 .debug_line    0x00002e2b      0x989 ./source/LPC54606_Project_2.o
 .debug_line    0x000037b4       0x59 ./source/semihost_hardfault.o
 .debug_line    0x0000380d     0x21b6 ./drivers/fsl_clock.o
 .debug_line    0x000059c3      0xa62 ./drivers/fsl_flexcomm.o
 .debug_line    0x00006425      0xc1b ./drivers/fsl_power.o
 .debug_line    0x00007040      0x7b8 ./drivers/fsl_reset.o
 .debug_line    0x000077f8     0x13c7 ./drivers/fsl_usart.o
 .debug_line    0x00008bbf      0x98c ./device/system_LPC54606.o
 .debug_line    0x0000954b      0x925 ./component/uart/fsl_adapter_usart.o
 .debug_line    0x00009e70      0xb85 ./component/serial_manager/fsl_component_serial_manager.o
 .debug_line    0x0000a9f5      0x93c ./component/serial_manager/fsl_component_serial_port_uart.o
 .debug_line    0x0000b331      0x909 ./board/board.o
 .debug_line    0x0000bc3a      0x797 ./board/clock_config.o
 .debug_line    0x0000c3d1       0x71 ./board/peripherals.o
 .debug_line    0x0000c442      0x744 ./board/pin_mux.o
 .debug_line    0x0000cb86       0xc4 C:/nxp/MCUXpressoIDE_25.6.136/ide/plugins/com.nxp.mcuxpresso.tools.win32_25.6.0.202501151204/tools/bin/../lib/gcc/arm-none-eabi/14.2.1/../../../../arm-none-eabi/lib/thumb/v7e-m+fp/hard\libcr_nohost_nf.a(_cr__main.o)
 .debug_line    0x0000cc4a       0x9b C:/nxp/MCUXpressoIDE_25.6.136/ide/plugins/com.nxp.mcuxpresso.tools.win32_25.6.0.202501151204/tools/bin/../lib/gcc/arm-none-eabi/14.2.1/../../../../arm-none-eabi/lib/thumb/v7e-m+fp/hard\libcr_c.a(memcpy.o)
 .debug_line    0x0000cce5       0x7b C:/nxp/MCUXpressoIDE_25.6.136/ide/plugins/com.nxp.mcuxpresso.tools.win32_25.6.0.202501151204/tools/bin/../lib/gcc/arm-none-eabi/14.2.1/../../../../arm-none-eabi/lib/thumb/v7e-m+fp/hard\libcr_c.a(memset.o)
 .debug_line    0x0000cd60      0x37b C:/nxp/MCUXpressoIDE_25.6.136/ide/plugins/com.nxp.mcuxpresso.tools.win32_25.6.0.202501151204/tools/bin/../lib/gcc/arm-none-eabi/14.2.1/../../../../arm-none-eabi/lib/thumb/v7e-m+fp/hard\libcr_c.a(alloc.o)
 .debug_line    0x0000d0db       0x4e C:/nxp/MCUXpressoIDE_25.6.136/ide/plugins/com.nxp.mcuxpresso.tools.win32_25.6.0.202501151204/tools/bin/../lib/gcc/arm-none-eabi/14.2.1/../../../../arm-none-eabi/lib/thumb/v7e-m+fp/hard\libcr_c.a(errno.o)
 .debug_line    0x0000d129      0x152 C:/nxp/MCUXpressoIDE_25.6.136/ide/plugins/com.nxp.mcuxpresso.tools.win32_25.6.0.202501151204/tools/bin/../lib/gcc/arm-none-eabi/14.2.1/../../../../arm-none-eabi/lib/thumb/v7e-m+fp/hard\libcr_c.a(initio.o)
 .debug_line    0x0000d27b       0xed C:/nxp/MCUXpressoIDE_25.6.136/ide/plugins/com.nxp.mcuxpresso.tools.win32_25.6.0.202501151204/tools/bin/../lib/gcc/arm-none-eabi/14.2.1/../../../../arm-none-eabi/lib/thumb/v7e-m+fp/hard\libcr_c.a(setvbuf.o)
 .debug_line    0x0000d368      0x109 C:/nxp/MCUXpressoIDE_25.6.136/ide/plugins/com.nxp.mcuxpresso.tools.win32_25.6.0.202501151204/tools/bin/../lib/gcc/arm-none-eabi/14.2.1/../../../../arm-none-eabi/lib/thumb/v7e-m+fp/hard\libcr_c.a(strlen.o)
 .debug_line    0x0000d471      0x2f3 C:/nxp/MCUXpressoIDE_25.6.136/ide/plugins/com.nxp.mcuxpresso.tools.win32_25.6.0.202501151204/tools/bin/../lib/gcc/arm-none-eabi/14.2.1/../../../../arm-none-eabi/lib/thumb/v7e-m+fp/hard\libcr_c.a(_deferredlazyseek.o)