C:\Users\Kana\Documents\MCUXpressoIDE_25.6.136\workspace\LPC54606_Project_2\CMSIS/core_cm4.h:1794:22:__NVIC_EnableIRQ	16	static
C:\Users\Kana\Documents\MCUXpressoIDE_25.6.136\workspace\LPC54606_Project_2\CMSIS/core_cm4.h:1832:22:__NVIC_DisableIRQ	16	static
../drivers/fsl_common_arm.h:672:24:EnableIRQ	24	static
../drivers/fsl_common_arm.h:722:24:DisableIRQ	24	static
../drivers/fsl_common_arm.c:89:6:EnableDeepSleepIRQ	24	static
../drivers/fsl_common_arm.c:105:6:DisableDeepSleepIRQ	24	static
../drivers/fsl_common_arm.c:126:6:MSDK_EnableCpuCycleCounter	8	static
../drivers/fsl_common_arm.c:144:10:MSDK_GetCpuCycleCount	4	static
../drivers/fsl_common_arm.c:180:13:DelayLoop	16	static
../drivers/fsl_common_arm.c:210:6:SDK_DelayAtLeastUs	40	static
