../startup/startup_lpc54606.c:327:6:data_init	4	static
../startup/startup_lpc54606.c:336:6:bss_init	0	static
../startup/startup_lpc54606.c:361:6:ResetISR	0	static
../startup/startup_lpc54606.c:465:14:NMI_Handler	0	static
../startup/startup_lpc54606.c:469:14:HardFault_Handler	0	static
../startup/startup_lpc54606.c:473:14:MemManage_Handler	0	static
../startup/startup_lpc54606.c:477:14:BusFault_Handler	0	static
../startup/startup_lpc54606.c:481:14:UsageFault_Handler	0	static
../startup/startup_lpc54606.c:485:14:SVC_Handler	0	static
../startup/startup_lpc54606.c:489:14:DebugMon_Handler	0	static
../startup/startup_lpc54606.c:493:14:PendSV_Handler	0	static
../startup/startup_lpc54606.c:497:14:SysTick_Handler	0	static
../startup/startup_lpc54606.c:505:14:IntDefaultHandler	0	static
../startup/startup_lpc54606.c:515:11:WDT_BOD_IRQHandler	8	static
../startup/startup_lpc54606.c:519:11:DMA0_IRQHandler	8	static
../startup/startup_lpc54606.c:523:11:GINT0_IRQHandler	8	static
../startup/startup_lpc54606.c:527:11:GINT1_IRQHandler	8	static
../startup/startup_lpc54606.c:531:11:PIN_INT0_IRQHandler	8	static
../startup/startup_lpc54606.c:535:11:PIN_INT1_IRQHandler	8	static
../startup/startup_lpc54606.c:539:11:PIN_INT2_IRQHandler	8	static
../startup/startup_lpc54606.c:543:11:PIN_INT3_IRQHandler	8	static
../startup/startup_lpc54606.c:547:11:UTICK0_IRQHandler	8	static
../startup/startup_lpc54606.c:551:11:MRT0_IRQHandler	8	static
../startup/startup_lpc54606.c:555:11:CTIMER0_IRQHandler	8	static
../startup/startup_lpc54606.c:559:11:CTIMER1_IRQHandler	8	static
../startup/startup_lpc54606.c:563:11:SCT0_IRQHandler	8	static
../startup/startup_lpc54606.c:567:11:CTIMER3_IRQHandler	8	static
../startup/startup_lpc54606.c:571:11:FLEXCOMM0_IRQHandler	8	static
../startup/startup_lpc54606.c:575:11:FLEXCOMM1_IRQHandler	8	static
../startup/startup_lpc54606.c:579:11:FLEXCOMM2_IRQHandler	8	static
../startup/startup_lpc54606.c:583:11:FLEXCOMM3_IRQHandler	8	static
../startup/startup_lpc54606.c:587:11:FLEXCOMM4_IRQHandler	8	static
../startup/startup_lpc54606.c:591:11:FLEXCOMM5_IRQHandler	8	static
../startup/startup_lpc54606.c:595:11:FLEXCOMM6_IRQHandler	8	static
../startup/startup_lpc54606.c:599:11:FLEXCOMM7_IRQHandler	8	static
../startup/startup_lpc54606.c:603:11:ADC0_SEQA_IRQHandler	8	static
../startup/startup_lpc54606.c:607:11:ADC0_SEQB_IRQHandler	8	static
../startup/startup_lpc54606.c:611:11:ADC0_THCMP_IRQHandler	8	static
../startup/startup_lpc54606.c:615:11:DMIC0_IRQHandler	8	static
../startup/startup_lpc54606.c:619:11:HWVAD0_IRQHandler	8	static
../startup/startup_lpc54606.c:623:11:USB0_NEEDCLK_IRQHandler	8	static
../startup/startup_lpc54606.c:627:11:USB0_IRQHandler	8	static
../startup/startup_lpc54606.c:631:11:RTC_IRQHandler	8	static
../startup/startup_lpc54606.c:635:11:Reserved46_IRQHandler	8	static
../startup/startup_lpc54606.c:639:11:Reserved47_IRQHandler	8	static
../startup/startup_lpc54606.c:643:11:PIN_INT4_IRQHandler	8	static
../startup/startup_lpc54606.c:647:11:PIN_INT5_IRQHandler	8	static
../startup/startup_lpc54606.c:651:11:PIN_INT6_IRQHandler	8	static
../startup/startup_lpc54606.c:655:11:PIN_INT7_IRQHandler	8	static
../startup/startup_lpc54606.c:659:11:CTIMER2_IRQHandler	8	static
../startup/startup_lpc54606.c:663:11:CTIMER4_IRQHandler	8	static
../startup/startup_lpc54606.c:667:11:RIT_IRQHandler	8	static
../startup/startup_lpc54606.c:671:11:SPIFI0_IRQHandler	8	static
../startup/startup_lpc54606.c:675:11:FLEXCOMM8_IRQHandler	8	static
../startup/startup_lpc54606.c:679:11:FLEXCOMM9_IRQHandler	8	static
../startup/startup_lpc54606.c:683:11:SDIO_IRQHandler	8	static
../startup/startup_lpc54606.c:687:11:CAN0_IRQ0_IRQHandler	8	static
../startup/startup_lpc54606.c:691:11:CAN0_IRQ1_IRQHandler	8	static
../startup/startup_lpc54606.c:695:11:CAN1_IRQ0_IRQHandler	8	static
../startup/startup_lpc54606.c:699:11:CAN1_IRQ1_IRQHandler	8	static
../startup/startup_lpc54606.c:703:11:USB1_IRQHandler	8	static
../startup/startup_lpc54606.c:707:11:USB1_NEEDCLK_IRQHandler	8	static
../startup/startup_lpc54606.c:711:11:ETHERNET_IRQHandler	8	static
../startup/startup_lpc54606.c:715:11:ETHERNET_PMT_IRQHandler	8	static
../startup/startup_lpc54606.c:719:11:ETHERNET_MACLP_IRQHandler	8	static
../startup/startup_lpc54606.c:723:11:EEPROM_IRQHandler	8	static
../startup/startup_lpc54606.c:727:11:LCD_IRQHandler	8	static
../startup/startup_lpc54606.c:731:11:SHA_IRQHandler	8	static
../startup/startup_lpc54606.c:735:11:SMARTCARD0_IRQHandler	8	static
../startup/startup_lpc54606.c:739:11:SMARTCARD1_IRQHandler	8	static
